<!doctype html public "-//w3c//dtd html 4.0 transitional//en">
<html><head>
<title>Static Call Graph - [.\Objects\mcx_vision_board.axf]</title></head>
<body><HR>
<H1>Static Call Graph for image .\Objects\mcx_vision_board.axf</H1><HR>
<BR><P>#&#060CALLGRAPH&#062# ARM Linker, 6190004: Last Updated: Mon May 11 02:45:10 2026
<BR><P>
<H3>Maximum Stack Usage =       1216 bytes + Unknown(Functions without stacksize, Cycles, Untraceable Function Pointers)</H3><H3>
Call chain for Maximum Stack Depth:</H3>
__rt_entry_main &rArr; main &rArr; ips200_init &rArr; ips200_set_region &rArr; LPSPI_MasterTransferEDMA &rArr; LPSPI_MasterTransferEDMALite &rArr; EDMA_TcdSetTransferConfig &rArr; EDMA_ConfigChannelSoftwareTCD &rArr; __aeabi_assert &rArr; DbgConsole_Printf &rArr; DbgConsole_Vprintf &rArr; memcpy
<P>
<H3>
Functions with no stack information
</H3><UL>
 <LI><a href="#[1]">Reset_Handler</a>
 <LI><a href="#[d7]">ADC0_DriverIRQHandler</a>
 <LI><a href="#[d8]">ADC1_DriverIRQHandler</a>
 <LI><a href="#[12f]">BSP32_DriverIRQHandler</a>
 <LI><a href="#[5]">BusFault_Handler</a>
 <LI><a href="#[e8]">CAN0_DriverIRQHandler</a>
 <LI><a href="#[e9]">CAN1_DriverIRQHandler</a>
 <LI><a href="#[107]">CDOG0_DriverIRQHandler</a>
 <LI><a href="#[108]">CDOG1_DriverIRQHandler</a>
 <LI><a href="#[144]">CMC0_DriverIRQHandler</a>
 <LI><a href="#[145]">CTI0_DriverIRQHandler</a>
 <LI><a href="#[114]">DAC0_DriverIRQHandler</a>
 <LI><a href="#[115]">DAC1_DriverIRQHandler</a>
 <LI><a href="#[116]">DAC2_DriverIRQHandler</a>
 <LI><a href="#[9]">DebugMon_Handler</a>
 <LI><a href="#[0]">DefaultISR</a>
 <LI><a href="#[f3]">ELS_DriverIRQHandler</a>
 <LI><a href="#[130]">ELS_ERR_DriverIRQHandler</a>
 <LI><a href="#[111]">EMVSIM0_DriverIRQHandler</a>
 <LI><a href="#[112]">EMVSIM1_DriverIRQHandler</a>
 <LI><a href="#[126]">ENC0_COMPARE_DriverIRQHandler</a>
 <LI><a href="#[127]">ENC0_HOME_DriverIRQHandler</a>
 <LI><a href="#[129]">ENC0_IDX_DriverIRQHandler</a>
 <LI><a href="#[128]">ENC0_WDG_SAB_DriverIRQHandler</a>
 <LI><a href="#[12a]">ENC1_COMPARE_DriverIRQHandler</a>
 <LI><a href="#[12b]">ENC1_HOME_DriverIRQHandler</a>
 <LI><a href="#[12d]">ENC1_IDX_DriverIRQHandler</a>
 <LI><a href="#[12c]">ENC1_WDG_SAB_DriverIRQHandler</a>
 <LI><a href="#[133]">ERM_MULTI_BIT_ERROR_DriverIRQHandler</a>
 <LI><a href="#[132]">ERM_SINGLE_BIT_ERROR_DriverIRQHandler</a>
 <LI><a href="#[13f]">ETB0_DriverIRQHandler</a>
 <LI><a href="#[135]">ETHERNET_DriverIRQHandler</a>
 <LI><a href="#[137]">ETHERNET_MACLP_DriverIRQHandler</a>
 <LI><a href="#[136]">ETHERNET_PMT_DriverIRQHandler</a>
 <LI><a href="#[10e]">EWM0_DriverIRQHandler</a>
 <LI><a href="#[11b]">FLEXPWM0_FAULT_DriverIRQHandler</a>
 <LI><a href="#[11a]">FLEXPWM0_RELOAD_ERROR_DriverIRQHandler</a>
 <LI><a href="#[11c]">FLEXPWM0_SUBMODULE0_DriverIRQHandler</a>
 <LI><a href="#[11d]">FLEXPWM0_SUBMODULE1_DriverIRQHandler</a>
 <LI><a href="#[11e]">FLEXPWM0_SUBMODULE2_DriverIRQHandler</a>
 <LI><a href="#[11f]">FLEXPWM0_SUBMODULE3_DriverIRQHandler</a>
 <LI><a href="#[121]">FLEXPWM1_FAULT_DriverIRQHandler</a>
 <LI><a href="#[120]">FLEXPWM1_RELOAD_ERROR_DriverIRQHandler</a>
 <LI><a href="#[122]">FLEXPWM1_SUBMODULE0_DriverIRQHandler</a>
 <LI><a href="#[123]">FLEXPWM1_SUBMODULE1_DriverIRQHandler</a>
 <LI><a href="#[124]">FLEXPWM1_SUBMODULE2_DriverIRQHandler</a>
 <LI><a href="#[125]">FLEXPWM1_SUBMODULE3_DriverIRQHandler</a>
 <LI><a href="#[e4]">FLEXSPI0_DriverIRQHandler</a>
 <LI><a href="#[134]">FMU0_DriverIRQHandler</a>
 <LI><a href="#[f1]">Freqme_DriverIRQHandler</a>
 <LI><a href="#[10c]">GDET_DriverIRQHandler</a>
 <LI><a href="#[bb]">GPIO00_DriverIRQHandler</a>
 <LI><a href="#[bc]">GPIO01_DriverIRQHandler</a>
 <LI><a href="#[bd]">GPIO10_DriverIRQHandler</a>
 <LI><a href="#[be]">GPIO11_DriverIRQHandler</a>
 <LI><a href="#[bf]">GPIO20_DriverIRQHandler</a>
 <LI><a href="#[c0]">GPIO21_DriverIRQHandler</a>
 <LI><a href="#[c1]">GPIO30_DriverIRQHandler</a>
 <LI><a href="#[c2]">GPIO31_DriverIRQHandler</a>
 <LI><a href="#[c3]">GPIO40_DriverIRQHandler</a>
 <LI><a href="#[c4]">GPIO41_DriverIRQHandler</a>
 <LI><a href="#[c5]">GPIO50_DriverIRQHandler</a>
 <LI><a href="#[c6]">GPIO51_DriverIRQHandler</a>
 <LI><a href="#[117]">HSCMP0_DriverIRQHandler</a>
 <LI><a href="#[118]">HSCMP1_DriverIRQHandler</a>
 <LI><a href="#[119]">HSCMP2_DriverIRQHandler</a>
 <LI><a href="#[109]">I3C0_DriverIRQHandler</a>
 <LI><a href="#[10a]">I3C1_DriverIRQHandler</a>
 <LI><a href="#[12e]">ITRC0_DriverIRQHandler</a>
 <LI><a href="#[139]">LPTMR0_DriverIRQHandler</a>
 <LI><a href="#[13a]">LPTMR1_DriverIRQHandler</a>
 <LI><a href="#[e0]">MAILBOX_DriverIRQHandler</a>
 <LI><a href="#[c8]">MRT0_DriverIRQHandler</a>
 <LI><a href="#[4]">MemManage_Handler</a>
 <LI><a href="#[10b]">NPU_DriverIRQHandler</a>
 <LI><a href="#[aa]">OR_DriverIRQHandler</a>
 <LI><a href="#[e3]">OS_EVENT_DriverIRQHandler</a>
 <LI><a href="#[da]">PDM_EVENT_DriverIRQHandler</a>
 <LI><a href="#[d9]">PINT0_DriverIRQHandler</a>
 <LI><a href="#[f4]">PKC_DriverIRQHandler</a>
 <LI><a href="#[131]">PKC_ERR_DriverIRQHandler</a>
 <LI><a href="#[13e]">PORT_EFT_DriverIRQHandler</a>
 <LI><a href="#[f6]">PQ_DriverIRQHandler</a>
 <LI><a href="#[f5]">PUF_DriverIRQHandler</a>
 <LI><a href="#[de]">RTC_DriverIRQHandler</a>
 <LI><a href="#[db]">Reserved65_DriverIRQHandler</a>
 <LI><a href="#[ea]">Reserved80_DriverIRQHandler</a>
 <LI><a href="#[eb]">Reserved81_DriverIRQHandler</a>
 <LI><a href="#[ef]">Reserved85_DriverIRQHandler</a>
 <LI><a href="#[e5]">SAI0_DriverIRQHandler</a>
 <LI><a href="#[e6]">SAI1_DriverIRQHandler</a>
 <LI><a href="#[13b]">SCG_DriverIRQHandler</a>
 <LI><a href="#[cb]">SCT0_DriverIRQHandler</a>
 <LI><a href="#[ee]">SEC_HYPERVISOR_CALL_DriverIRQHandler</a>
 <LI><a href="#[f2]">SEC_VIO_DriverIRQHandler</a>
 <LI><a href="#[138]">SINC_FILTER_DriverIRQHandler</a>
 <LI><a href="#[140]">SM3_DriverIRQHandler</a>
 <LI><a href="#[df]">SMARTDMA_DriverIRQHandler</a>
 <LI><a href="#[13c]">SPC_DriverIRQHandler</a>
 <LI><a href="#[7]">SecureFault_Handler</a>
 <LI><a href="#[141]">TRNG0_DriverIRQHandler</a>
 <LI><a href="#[10f]">TSI_END_OF_SCAN_DriverIRQHandler</a>
 <LI><a href="#[110]">TSI_OUT_OF_SCAN_DriverIRQHandler</a>
 <LI><a href="#[dd]">USB0_DCD_DriverIRQHandler</a>
 <LI><a href="#[dc]">USB0_FS_DriverIRQHandler</a>
 <LI><a href="#[ed]">USB1_HS_DriverIRQHandler</a>
 <LI><a href="#[ec]">USB1_HS_PHY_DriverIRQHandler</a>
 <LI><a href="#[c7]">UTICK0_DriverIRQHandler</a>
 <LI><a href="#[6]">UsageFault_Handler</a>
 <LI><a href="#[10d]">VBAT0_DriverIRQHandler</a>
 <LI><a href="#[13d]">WUU_DriverIRQHandler</a>
 <LI><a href="#[142]">WWDT0_DriverIRQHandler</a>
 <LI><a href="#[143]">WWDT1_DriverIRQHandler</a>
 <LI><a href="#[2]">NMI_Handler</a>
 <LI><a href="#[8]">SVC_Handler</a>
 <LI><a href="#[a]">PendSV_Handler</a>
 <LI><a href="#[b]">SysTick_Handler</a>
 <LI><a href="#[c]">OR_IRQHandler</a>
 <LI><a href="#[d]">EDMA_0_CH0_IRQHandler</a>
 <LI><a href="#[e]">EDMA_0_CH1_IRQHandler</a>
 <LI><a href="#[f]">EDMA_0_CH2_IRQHandler</a>
 <LI><a href="#[10]">EDMA_0_CH3_IRQHandler</a>
 <LI><a href="#[11]">EDMA_0_CH4_IRQHandler</a>
 <LI><a href="#[12]">EDMA_0_CH5_IRQHandler</a>
 <LI><a href="#[13]">EDMA_0_CH6_IRQHandler</a>
 <LI><a href="#[14]">EDMA_0_CH7_IRQHandler</a>
 <LI><a href="#[15]">EDMA_0_CH8_IRQHandler</a>
 <LI><a href="#[16]">EDMA_0_CH9_IRQHandler</a>
 <LI><a href="#[17]">EDMA_0_CH10_IRQHandler</a>
 <LI><a href="#[18]">EDMA_0_CH11_IRQHandler</a>
 <LI><a href="#[19]">EDMA_0_CH12_IRQHandler</a>
 <LI><a href="#[1a]">EDMA_0_CH13_IRQHandler</a>
 <LI><a href="#[1b]">EDMA_0_CH14_IRQHandler</a>
 <LI><a href="#[1c]">EDMA_0_CH15_IRQHandler</a>
 <LI><a href="#[29]">UTICK0_IRQHandler</a>
 <LI><a href="#[2a]">MRT0_IRQHandler</a>
 <LI><a href="#[2b]">CTIMER0_IRQHandler</a>
 <LI><a href="#[2c]">CTIMER1_IRQHandler</a>
 <LI><a href="#[2d]">SCT0_IRQHandler</a>
 <LI><a href="#[2e]">CTIMER2_IRQHandler</a>
 <LI><a href="#[2f]">LP_FLEXCOMM0_IRQHandler</a>
 <LI><a href="#[30]">LP_FLEXCOMM1_IRQHandler</a>
 <LI><a href="#[31]">LP_FLEXCOMM2_IRQHandler</a>
 <LI><a href="#[32]">LP_FLEXCOMM3_IRQHandler</a>
 <LI><a href="#[35]">LP_FLEXCOMM6_IRQHandler</a>
 <LI><a href="#[36]">LP_FLEXCOMM7_IRQHandler</a>
 <LI><a href="#[37]">LP_FLEXCOMM8_IRQHandler</a>
 <LI><a href="#[38]">LP_FLEXCOMM9_IRQHandler</a>
 <LI><a href="#[39]">ADC0_IRQHandler</a>
 <LI><a href="#[3a]">ADC1_IRQHandler</a>
 <LI><a href="#[3b]">PINT0_IRQHandler</a>
 <LI><a href="#[3c]">PDM_EVENT_IRQHandler</a>
 <LI><a href="#[3d]">Reserved65_IRQHandler</a>
 <LI><a href="#[3e]">USB0_FS_IRQHandler</a>
 <LI><a href="#[3f]">USB0_DCD_IRQHandler</a>
 <LI><a href="#[40]">RTC_IRQHandler</a>
 <LI><a href="#[42]">MAILBOX_IRQHandler</a>
 <LI><a href="#[43]">CTIMER3_IRQHandler</a>
 <LI><a href="#[44]">CTIMER4_IRQHandler</a>
 <LI><a href="#[45]">OS_EVENT_IRQHandler</a>
 <LI><a href="#[46]">FLEXSPI0_IRQHandler</a>
 <LI><a href="#[47]">SAI0_IRQHandler</a>
 <LI><a href="#[48]">SAI1_IRQHandler</a>
 <LI><a href="#[49]">USDHC0_IRQHandler</a>
 <LI><a href="#[4a]">CAN0_IRQHandler</a>
 <LI><a href="#[4b]">CAN1_IRQHandler</a>
 <LI><a href="#[4c]">Reserved80_IRQHandler</a>
 <LI><a href="#[4d]">Reserved81_IRQHandler</a>
 <LI><a href="#[4e]">USB1_HS_PHY_IRQHandler</a>
 <LI><a href="#[4f]">USB1_HS_IRQHandler</a>
 <LI><a href="#[50]">SEC_HYPERVISOR_CALL_IRQHandler</a>
 <LI><a href="#[51]">Reserved85_IRQHandler</a>
 <LI><a href="#[52]">PLU_IRQHandler</a>
 <LI><a href="#[53]">Freqme_IRQHandler</a>
 <LI><a href="#[54]">SEC_VIO_IRQHandler</a>
 <LI><a href="#[55]">ELS_IRQHandler</a>
 <LI><a href="#[56]">PKC_IRQHandler</a>
 <LI><a href="#[57]">PUF_IRQHandler</a>
 <LI><a href="#[58]">PQ_IRQHandler</a>
 <LI><a href="#[59]">EDMA_1_CH0_IRQHandler</a>
 <LI><a href="#[5a]">EDMA_1_CH1_IRQHandler</a>
 <LI><a href="#[5b]">EDMA_1_CH2_IRQHandler</a>
 <LI><a href="#[5c]">EDMA_1_CH3_IRQHandler</a>
 <LI><a href="#[5d]">EDMA_1_CH4_IRQHandler</a>
 <LI><a href="#[5e]">EDMA_1_CH5_IRQHandler</a>
 <LI><a href="#[5f]">EDMA_1_CH6_IRQHandler</a>
 <LI><a href="#[60]">EDMA_1_CH7_IRQHandler</a>
 <LI><a href="#[61]">EDMA_1_CH8_IRQHandler</a>
 <LI><a href="#[62]">EDMA_1_CH9_IRQHandler</a>
 <LI><a href="#[63]">EDMA_1_CH10_IRQHandler</a>
 <LI><a href="#[64]">EDMA_1_CH11_IRQHandler</a>
 <LI><a href="#[65]">EDMA_1_CH12_IRQHandler</a>
 <LI><a href="#[66]">EDMA_1_CH13_IRQHandler</a>
 <LI><a href="#[67]">EDMA_1_CH14_IRQHandler</a>
 <LI><a href="#[68]">EDMA_1_CH15_IRQHandler</a>
 <LI><a href="#[69]">CDOG0_IRQHandler</a>
 <LI><a href="#[6a]">CDOG1_IRQHandler</a>
 <LI><a href="#[6b]">I3C0_IRQHandler</a>
 <LI><a href="#[6c]">I3C1_IRQHandler</a>
 <LI><a href="#[6d]">NPU_IRQHandler</a>
 <LI><a href="#[6e]">GDET_IRQHandler</a>
 <LI><a href="#[6f]">VBAT0_IRQHandler</a>
 <LI><a href="#[70]">EWM0_IRQHandler</a>
 <LI><a href="#[71]">TSI_END_OF_SCAN_IRQHandler</a>
 <LI><a href="#[72]">TSI_OUT_OF_SCAN_IRQHandler</a>
 <LI><a href="#[73]">EMVSIM0_IRQHandler</a>
 <LI><a href="#[74]">EMVSIM1_IRQHandler</a>
 <LI><a href="#[75]">FLEXIO_IRQHandler</a>
 <LI><a href="#[76]">DAC0_IRQHandler</a>
 <LI><a href="#[77]">DAC1_IRQHandler</a>
 <LI><a href="#[78]">DAC2_IRQHandler</a>
 <LI><a href="#[79]">HSCMP0_IRQHandler</a>
 <LI><a href="#[7a]">HSCMP1_IRQHandler</a>
 <LI><a href="#[7b]">HSCMP2_IRQHandler</a>
 <LI><a href="#[7c]">FLEXPWM0_RELOAD_ERROR_IRQHandler</a>
 <LI><a href="#[7d]">FLEXPWM0_FAULT_IRQHandler</a>
 <LI><a href="#[7e]">FLEXPWM0_SUBMODULE0_IRQHandler</a>
 <LI><a href="#[7f]">FLEXPWM0_SUBMODULE1_IRQHandler</a>
 <LI><a href="#[80]">FLEXPWM0_SUBMODULE2_IRQHandler</a>
 <LI><a href="#[81]">FLEXPWM0_SUBMODULE3_IRQHandler</a>
 <LI><a href="#[82]">FLEXPWM1_RELOAD_ERROR_IRQHandler</a>
 <LI><a href="#[83]">FLEXPWM1_FAULT_IRQHandler</a>
 <LI><a href="#[84]">FLEXPWM1_SUBMODULE0_IRQHandler</a>
 <LI><a href="#[85]">FLEXPWM1_SUBMODULE1_IRQHandler</a>
 <LI><a href="#[86]">FLEXPWM1_SUBMODULE2_IRQHandler</a>
 <LI><a href="#[87]">FLEXPWM1_SUBMODULE3_IRQHandler</a>
 <LI><a href="#[88]">ENC0_COMPARE_IRQHandler</a>
 <LI><a href="#[89]">ENC0_HOME_IRQHandler</a>
 <LI><a href="#[8a]">ENC0_WDG_SAB_IRQHandler</a>
 <LI><a href="#[8b]">ENC0_IDX_IRQHandler</a>
 <LI><a href="#[8c]">ENC1_COMPARE_IRQHandler</a>
 <LI><a href="#[8d]">ENC1_HOME_IRQHandler</a>
 <LI><a href="#[8e]">ENC1_WDG_SAB_IRQHandler</a>
 <LI><a href="#[8f]">ENC1_IDX_IRQHandler</a>
 <LI><a href="#[90]">ITRC0_IRQHandler</a>
 <LI><a href="#[91]">BSP32_IRQHandler</a>
 <LI><a href="#[92]">ELS_ERR_IRQHandler</a>
 <LI><a href="#[93]">PKC_ERR_IRQHandler</a>
 <LI><a href="#[94]">ERM_SINGLE_BIT_ERROR_IRQHandler</a>
 <LI><a href="#[95]">ERM_MULTI_BIT_ERROR_IRQHandler</a>
 <LI><a href="#[96]">FMU0_IRQHandler</a>
 <LI><a href="#[97]">ETHERNET_IRQHandler</a>
 <LI><a href="#[98]">ETHERNET_PMT_IRQHandler</a>
 <LI><a href="#[99]">ETHERNET_MACLP_IRQHandler</a>
 <LI><a href="#[9a]">SINC_FILTER_IRQHandler</a>
 <LI><a href="#[9b]">LPTMR0_IRQHandler</a>
 <LI><a href="#[9c]">LPTMR1_IRQHandler</a>
 <LI><a href="#[9d]">SCG_IRQHandler</a>
 <LI><a href="#[9e]">SPC_IRQHandler</a>
 <LI><a href="#[9f]">WUU_IRQHandler</a>
 <LI><a href="#[a0]">PORT_EFT_IRQHandler</a>
 <LI><a href="#[a1]">ETB0_IRQHandler</a>
 <LI><a href="#[a2]">SM3_IRQHandler</a>
 <LI><a href="#[a3]">TRNG0_IRQHandler</a>
 <LI><a href="#[a4]">WWDT0_IRQHandler</a>
 <LI><a href="#[a5]">WWDT1_IRQHandler</a>
 <LI><a href="#[a6]">CMC0_IRQHandler</a>
 <LI><a href="#[a7]">CTI0_IRQHandler</a>
</UL>
</UL>
<P>
<H3>
Mutually Recursive functions
</H3> <LI><a href="#[19e]">LPUART_Deinit</a>&nbsp;&nbsp;&nbsp;&rArr;&nbsp;&nbsp;&nbsp;<a href="#[19e]">LPUART_Deinit</a><BR>
</UL>
<P>
<H3>
Function Pointers
</H3><UL>
 <LI><a href="#[d7]">ADC0_DriverIRQHandler</a> from startup_mcxn947_cm33_core0.o(.text) referenced from startup_mcxn947_cm33_core0.o(.text)
 <LI><a href="#[39]">ADC0_IRQHandler</a> from startup_mcxn947_cm33_core0.o(.text) referenced from startup_mcxn947_cm33_core0.o(.isr_vector)
 <LI><a href="#[d8]">ADC1_DriverIRQHandler</a> from startup_mcxn947_cm33_core0.o(.text) referenced from startup_mcxn947_cm33_core0.o(.text)
 <LI><a href="#[3a]">ADC1_IRQHandler</a> from startup_mcxn947_cm33_core0.o(.text) referenced from startup_mcxn947_cm33_core0.o(.isr_vector)
 <LI><a href="#[12f]">BSP32_DriverIRQHandler</a> from startup_mcxn947_cm33_core0.o(.text) referenced from startup_mcxn947_cm33_core0.o(.text)
 <LI><a href="#[91]">BSP32_IRQHandler</a> from startup_mcxn947_cm33_core0.o(.text) referenced from startup_mcxn947_cm33_core0.o(.isr_vector)
 <LI><a href="#[5]">BusFault_Handler</a> from startup_mcxn947_cm33_core0.o(.text) referenced from startup_mcxn947_cm33_core0.o(.isr_vector)
 <LI><a href="#[e8]">CAN0_DriverIRQHandler</a> from startup_mcxn947_cm33_core0.o(.text) referenced from startup_mcxn947_cm33_core0.o(.text)
 <LI><a href="#[4a]">CAN0_IRQHandler</a> from startup_mcxn947_cm33_core0.o(.text) referenced from startup_mcxn947_cm33_core0.o(.isr_vector)
 <LI><a href="#[e9]">CAN1_DriverIRQHandler</a> from startup_mcxn947_cm33_core0.o(.text) referenced from startup_mcxn947_cm33_core0.o(.text)
 <LI><a href="#[4b]">CAN1_IRQHandler</a> from startup_mcxn947_cm33_core0.o(.text) referenced from startup_mcxn947_cm33_core0.o(.isr_vector)
 <LI><a href="#[107]">CDOG0_DriverIRQHandler</a> from startup_mcxn947_cm33_core0.o(.text) referenced from startup_mcxn947_cm33_core0.o(.text)
 <LI><a href="#[69]">CDOG0_IRQHandler</a> from startup_mcxn947_cm33_core0.o(.text) referenced from startup_mcxn947_cm33_core0.o(.isr_vector)
 <LI><a href="#[108]">CDOG1_DriverIRQHandler</a> from startup_mcxn947_cm33_core0.o(.text) referenced from startup_mcxn947_cm33_core0.o(.text)
 <LI><a href="#[6a]">CDOG1_IRQHandler</a> from startup_mcxn947_cm33_core0.o(.text) referenced from startup_mcxn947_cm33_core0.o(.isr_vector)
 <LI><a href="#[144]">CMC0_DriverIRQHandler</a> from startup_mcxn947_cm33_core0.o(.text) referenced from startup_mcxn947_cm33_core0.o(.text)
 <LI><a href="#[a6]">CMC0_IRQHandler</a> from startup_mcxn947_cm33_core0.o(.text) referenced from startup_mcxn947_cm33_core0.o(.isr_vector)
 <LI><a href="#[145]">CTI0_DriverIRQHandler</a> from startup_mcxn947_cm33_core0.o(.text) referenced from startup_mcxn947_cm33_core0.o(.text)
 <LI><a href="#[a7]">CTI0_IRQHandler</a> from startup_mcxn947_cm33_core0.o(.text) referenced from startup_mcxn947_cm33_core0.o(.isr_vector)
 <LI><a href="#[c9]">CTIMER0_DriverIRQHandler</a> from fsl_ctimer.o(.text.CTIMER0_DriverIRQHandler) referenced from startup_mcxn947_cm33_core0.o(.text)
 <LI><a href="#[2b]">CTIMER0_IRQHandler</a> from startup_mcxn947_cm33_core0.o(.text) referenced from startup_mcxn947_cm33_core0.o(.isr_vector)
 <LI><a href="#[ca]">CTIMER1_DriverIRQHandler</a> from fsl_ctimer.o(.text.CTIMER1_DriverIRQHandler) referenced from startup_mcxn947_cm33_core0.o(.text)
 <LI><a href="#[2c]">CTIMER1_IRQHandler</a> from startup_mcxn947_cm33_core0.o(.text) referenced from startup_mcxn947_cm33_core0.o(.isr_vector)
 <LI><a href="#[cc]">CTIMER2_DriverIRQHandler</a> from fsl_ctimer.o(.text.CTIMER2_DriverIRQHandler) referenced from startup_mcxn947_cm33_core0.o(.text)
 <LI><a href="#[2e]">CTIMER2_IRQHandler</a> from startup_mcxn947_cm33_core0.o(.text) referenced from startup_mcxn947_cm33_core0.o(.isr_vector)
 <LI><a href="#[e1]">CTIMER3_DriverIRQHandler</a> from fsl_ctimer.o(.text.CTIMER3_DriverIRQHandler) referenced from startup_mcxn947_cm33_core0.o(.text)
 <LI><a href="#[43]">CTIMER3_IRQHandler</a> from startup_mcxn947_cm33_core0.o(.text) referenced from startup_mcxn947_cm33_core0.o(.isr_vector)
 <LI><a href="#[e2]">CTIMER4_DriverIRQHandler</a> from fsl_ctimer.o(.text.CTIMER4_DriverIRQHandler) referenced from startup_mcxn947_cm33_core0.o(.text)
 <LI><a href="#[44]">CTIMER4_IRQHandler</a> from startup_mcxn947_cm33_core0.o(.text) referenced from startup_mcxn947_cm33_core0.o(.isr_vector)
 <LI><a href="#[114]">DAC0_DriverIRQHandler</a> from startup_mcxn947_cm33_core0.o(.text) referenced from startup_mcxn947_cm33_core0.o(.text)
 <LI><a href="#[76]">DAC0_IRQHandler</a> from startup_mcxn947_cm33_core0.o(.text) referenced from startup_mcxn947_cm33_core0.o(.isr_vector)
 <LI><a href="#[115]">DAC1_DriverIRQHandler</a> from startup_mcxn947_cm33_core0.o(.text) referenced from startup_mcxn947_cm33_core0.o(.text)
 <LI><a href="#[77]">DAC1_IRQHandler</a> from startup_mcxn947_cm33_core0.o(.text) referenced from startup_mcxn947_cm33_core0.o(.isr_vector)
 <LI><a href="#[116]">DAC2_DriverIRQHandler</a> from startup_mcxn947_cm33_core0.o(.text) referenced from startup_mcxn947_cm33_core0.o(.text)
 <LI><a href="#[78]">DAC2_IRQHandler</a> from startup_mcxn947_cm33_core0.o(.text) referenced from startup_mcxn947_cm33_core0.o(.isr_vector)
 <LI><a href="#[9]">DebugMon_Handler</a> from startup_mcxn947_cm33_core0.o(.text) referenced from startup_mcxn947_cm33_core0.o(.isr_vector)
 <LI><a href="#[0]">DefaultISR</a> from startup_mcxn947_cm33_core0.o(.text) referenced 2 times from fsl_usdhc.o(.data.s_usdhcIsr)
 <LI><a href="#[ab]">EDMA_0_CH0_DriverIRQHandler</a> from fsl_edma_soc.o(.text.EDMA_0_CH0_DriverIRQHandler) referenced from startup_mcxn947_cm33_core0.o(.text)
 <LI><a href="#[d]">EDMA_0_CH0_IRQHandler</a> from startup_mcxn947_cm33_core0.o(.text) referenced from startup_mcxn947_cm33_core0.o(.isr_vector)
 <LI><a href="#[b5]">EDMA_0_CH10_DriverIRQHandler</a> from fsl_edma_soc.o(.text.EDMA_0_CH10_DriverIRQHandler) referenced from startup_mcxn947_cm33_core0.o(.text)
 <LI><a href="#[17]">EDMA_0_CH10_IRQHandler</a> from startup_mcxn947_cm33_core0.o(.text) referenced from startup_mcxn947_cm33_core0.o(.isr_vector)
 <LI><a href="#[b6]">EDMA_0_CH11_DriverIRQHandler</a> from fsl_edma_soc.o(.text.EDMA_0_CH11_DriverIRQHandler) referenced from startup_mcxn947_cm33_core0.o(.text)
 <LI><a href="#[18]">EDMA_0_CH11_IRQHandler</a> from startup_mcxn947_cm33_core0.o(.text) referenced from startup_mcxn947_cm33_core0.o(.isr_vector)
 <LI><a href="#[b7]">EDMA_0_CH12_DriverIRQHandler</a> from fsl_edma_soc.o(.text.EDMA_0_CH12_DriverIRQHandler) referenced from startup_mcxn947_cm33_core0.o(.text)
 <LI><a href="#[19]">EDMA_0_CH12_IRQHandler</a> from startup_mcxn947_cm33_core0.o(.text) referenced from startup_mcxn947_cm33_core0.o(.isr_vector)
 <LI><a href="#[b8]">EDMA_0_CH13_DriverIRQHandler</a> from fsl_edma_soc.o(.text.EDMA_0_CH13_DriverIRQHandler) referenced from startup_mcxn947_cm33_core0.o(.text)
 <LI><a href="#[1a]">EDMA_0_CH13_IRQHandler</a> from startup_mcxn947_cm33_core0.o(.text) referenced from startup_mcxn947_cm33_core0.o(.isr_vector)
 <LI><a href="#[b9]">EDMA_0_CH14_DriverIRQHandler</a> from fsl_edma_soc.o(.text.EDMA_0_CH14_DriverIRQHandler) referenced from startup_mcxn947_cm33_core0.o(.text)
 <LI><a href="#[1b]">EDMA_0_CH14_IRQHandler</a> from startup_mcxn947_cm33_core0.o(.text) referenced from startup_mcxn947_cm33_core0.o(.isr_vector)
 <LI><a href="#[ba]">EDMA_0_CH15_DriverIRQHandler</a> from fsl_edma_soc.o(.text.EDMA_0_CH15_DriverIRQHandler) referenced from startup_mcxn947_cm33_core0.o(.text)
 <LI><a href="#[1c]">EDMA_0_CH15_IRQHandler</a> from startup_mcxn947_cm33_core0.o(.text) referenced from startup_mcxn947_cm33_core0.o(.isr_vector)
 <LI><a href="#[ac]">EDMA_0_CH1_DriverIRQHandler</a> from fsl_edma_soc.o(.text.EDMA_0_CH1_DriverIRQHandler) referenced from startup_mcxn947_cm33_core0.o(.text)
 <LI><a href="#[e]">EDMA_0_CH1_IRQHandler</a> from startup_mcxn947_cm33_core0.o(.text) referenced from startup_mcxn947_cm33_core0.o(.isr_vector)
 <LI><a href="#[ad]">EDMA_0_CH2_DriverIRQHandler</a> from fsl_edma_soc.o(.text.EDMA_0_CH2_DriverIRQHandler) referenced from startup_mcxn947_cm33_core0.o(.text)
 <LI><a href="#[f]">EDMA_0_CH2_IRQHandler</a> from startup_mcxn947_cm33_core0.o(.text) referenced from startup_mcxn947_cm33_core0.o(.isr_vector)
 <LI><a href="#[ae]">EDMA_0_CH3_DriverIRQHandler</a> from fsl_edma_soc.o(.text.EDMA_0_CH3_DriverIRQHandler) referenced from startup_mcxn947_cm33_core0.o(.text)
 <LI><a href="#[10]">EDMA_0_CH3_IRQHandler</a> from startup_mcxn947_cm33_core0.o(.text) referenced from startup_mcxn947_cm33_core0.o(.isr_vector)
 <LI><a href="#[af]">EDMA_0_CH4_DriverIRQHandler</a> from fsl_edma_soc.o(.text.EDMA_0_CH4_DriverIRQHandler) referenced from startup_mcxn947_cm33_core0.o(.text)
 <LI><a href="#[11]">EDMA_0_CH4_IRQHandler</a> from startup_mcxn947_cm33_core0.o(.text) referenced from startup_mcxn947_cm33_core0.o(.isr_vector)
 <LI><a href="#[b0]">EDMA_0_CH5_DriverIRQHandler</a> from fsl_edma_soc.o(.text.EDMA_0_CH5_DriverIRQHandler) referenced from startup_mcxn947_cm33_core0.o(.text)
 <LI><a href="#[12]">EDMA_0_CH5_IRQHandler</a> from startup_mcxn947_cm33_core0.o(.text) referenced from startup_mcxn947_cm33_core0.o(.isr_vector)
 <LI><a href="#[b1]">EDMA_0_CH6_DriverIRQHandler</a> from fsl_edma_soc.o(.text.EDMA_0_CH6_DriverIRQHandler) referenced from startup_mcxn947_cm33_core0.o(.text)
 <LI><a href="#[13]">EDMA_0_CH6_IRQHandler</a> from startup_mcxn947_cm33_core0.o(.text) referenced from startup_mcxn947_cm33_core0.o(.isr_vector)
 <LI><a href="#[b2]">EDMA_0_CH7_DriverIRQHandler</a> from fsl_edma_soc.o(.text.EDMA_0_CH7_DriverIRQHandler) referenced from startup_mcxn947_cm33_core0.o(.text)
 <LI><a href="#[14]">EDMA_0_CH7_IRQHandler</a> from startup_mcxn947_cm33_core0.o(.text) referenced from startup_mcxn947_cm33_core0.o(.isr_vector)
 <LI><a href="#[b3]">EDMA_0_CH8_DriverIRQHandler</a> from fsl_edma_soc.o(.text.EDMA_0_CH8_DriverIRQHandler) referenced from startup_mcxn947_cm33_core0.o(.text)
 <LI><a href="#[15]">EDMA_0_CH8_IRQHandler</a> from startup_mcxn947_cm33_core0.o(.text) referenced from startup_mcxn947_cm33_core0.o(.isr_vector)
 <LI><a href="#[b4]">EDMA_0_CH9_DriverIRQHandler</a> from fsl_edma_soc.o(.text.EDMA_0_CH9_DriverIRQHandler) referenced from startup_mcxn947_cm33_core0.o(.text)
 <LI><a href="#[16]">EDMA_0_CH9_IRQHandler</a> from startup_mcxn947_cm33_core0.o(.text) referenced from startup_mcxn947_cm33_core0.o(.isr_vector)
 <LI><a href="#[f7]">EDMA_1_CH0_DriverIRQHandler</a> from fsl_edma_soc.o(.text.EDMA_1_CH0_DriverIRQHandler) referenced from startup_mcxn947_cm33_core0.o(.text)
 <LI><a href="#[59]">EDMA_1_CH0_IRQHandler</a> from startup_mcxn947_cm33_core0.o(.text) referenced from startup_mcxn947_cm33_core0.o(.isr_vector)
 <LI><a href="#[101]">EDMA_1_CH10_DriverIRQHandler</a> from fsl_edma_soc.o(.text.EDMA_1_CH10_DriverIRQHandler) referenced from startup_mcxn947_cm33_core0.o(.text)
 <LI><a href="#[63]">EDMA_1_CH10_IRQHandler</a> from startup_mcxn947_cm33_core0.o(.text) referenced from startup_mcxn947_cm33_core0.o(.isr_vector)
 <LI><a href="#[102]">EDMA_1_CH11_DriverIRQHandler</a> from fsl_edma_soc.o(.text.EDMA_1_CH11_DriverIRQHandler) referenced from startup_mcxn947_cm33_core0.o(.text)
 <LI><a href="#[64]">EDMA_1_CH11_IRQHandler</a> from startup_mcxn947_cm33_core0.o(.text) referenced from startup_mcxn947_cm33_core0.o(.isr_vector)
 <LI><a href="#[103]">EDMA_1_CH12_DriverIRQHandler</a> from fsl_edma_soc.o(.text.EDMA_1_CH12_DriverIRQHandler) referenced from startup_mcxn947_cm33_core0.o(.text)
 <LI><a href="#[65]">EDMA_1_CH12_IRQHandler</a> from startup_mcxn947_cm33_core0.o(.text) referenced from startup_mcxn947_cm33_core0.o(.isr_vector)
 <LI><a href="#[104]">EDMA_1_CH13_DriverIRQHandler</a> from fsl_edma_soc.o(.text.EDMA_1_CH13_DriverIRQHandler) referenced from startup_mcxn947_cm33_core0.o(.text)
 <LI><a href="#[66]">EDMA_1_CH13_IRQHandler</a> from startup_mcxn947_cm33_core0.o(.text) referenced from startup_mcxn947_cm33_core0.o(.isr_vector)
 <LI><a href="#[105]">EDMA_1_CH14_DriverIRQHandler</a> from fsl_edma_soc.o(.text.EDMA_1_CH14_DriverIRQHandler) referenced from startup_mcxn947_cm33_core0.o(.text)
 <LI><a href="#[67]">EDMA_1_CH14_IRQHandler</a> from startup_mcxn947_cm33_core0.o(.text) referenced from startup_mcxn947_cm33_core0.o(.isr_vector)
 <LI><a href="#[106]">EDMA_1_CH15_DriverIRQHandler</a> from fsl_edma_soc.o(.text.EDMA_1_CH15_DriverIRQHandler) referenced from startup_mcxn947_cm33_core0.o(.text)
 <LI><a href="#[68]">EDMA_1_CH15_IRQHandler</a> from startup_mcxn947_cm33_core0.o(.text) referenced from startup_mcxn947_cm33_core0.o(.isr_vector)
 <LI><a href="#[f8]">EDMA_1_CH1_DriverIRQHandler</a> from fsl_edma_soc.o(.text.EDMA_1_CH1_DriverIRQHandler) referenced from startup_mcxn947_cm33_core0.o(.text)
 <LI><a href="#[5a]">EDMA_1_CH1_IRQHandler</a> from startup_mcxn947_cm33_core0.o(.text) referenced from startup_mcxn947_cm33_core0.o(.isr_vector)
 <LI><a href="#[f9]">EDMA_1_CH2_DriverIRQHandler</a> from fsl_edma_soc.o(.text.EDMA_1_CH2_DriverIRQHandler) referenced from startup_mcxn947_cm33_core0.o(.text)
 <LI><a href="#[5b]">EDMA_1_CH2_IRQHandler</a> from startup_mcxn947_cm33_core0.o(.text) referenced from startup_mcxn947_cm33_core0.o(.isr_vector)
 <LI><a href="#[fa]">EDMA_1_CH3_DriverIRQHandler</a> from fsl_edma_soc.o(.text.EDMA_1_CH3_DriverIRQHandler) referenced from startup_mcxn947_cm33_core0.o(.text)
 <LI><a href="#[5c]">EDMA_1_CH3_IRQHandler</a> from startup_mcxn947_cm33_core0.o(.text) referenced from startup_mcxn947_cm33_core0.o(.isr_vector)
 <LI><a href="#[fb]">EDMA_1_CH4_DriverIRQHandler</a> from fsl_edma_soc.o(.text.EDMA_1_CH4_DriverIRQHandler) referenced from startup_mcxn947_cm33_core0.o(.text)
 <LI><a href="#[5d]">EDMA_1_CH4_IRQHandler</a> from startup_mcxn947_cm33_core0.o(.text) referenced from startup_mcxn947_cm33_core0.o(.isr_vector)
 <LI><a href="#[fc]">EDMA_1_CH5_DriverIRQHandler</a> from fsl_edma_soc.o(.text.EDMA_1_CH5_DriverIRQHandler) referenced from startup_mcxn947_cm33_core0.o(.text)
 <LI><a href="#[5e]">EDMA_1_CH5_IRQHandler</a> from startup_mcxn947_cm33_core0.o(.text) referenced from startup_mcxn947_cm33_core0.o(.isr_vector)
 <LI><a href="#[fd]">EDMA_1_CH6_DriverIRQHandler</a> from fsl_edma_soc.o(.text.EDMA_1_CH6_DriverIRQHandler) referenced from startup_mcxn947_cm33_core0.o(.text)
 <LI><a href="#[5f]">EDMA_1_CH6_IRQHandler</a> from startup_mcxn947_cm33_core0.o(.text) referenced from startup_mcxn947_cm33_core0.o(.isr_vector)
 <LI><a href="#[fe]">EDMA_1_CH7_DriverIRQHandler</a> from fsl_edma_soc.o(.text.EDMA_1_CH7_DriverIRQHandler) referenced from startup_mcxn947_cm33_core0.o(.text)
 <LI><a href="#[60]">EDMA_1_CH7_IRQHandler</a> from startup_mcxn947_cm33_core0.o(.text) referenced from startup_mcxn947_cm33_core0.o(.isr_vector)
 <LI><a href="#[ff]">EDMA_1_CH8_DriverIRQHandler</a> from fsl_edma_soc.o(.text.EDMA_1_CH8_DriverIRQHandler) referenced from startup_mcxn947_cm33_core0.o(.text)
 <LI><a href="#[61]">EDMA_1_CH8_IRQHandler</a> from startup_mcxn947_cm33_core0.o(.text) referenced from startup_mcxn947_cm33_core0.o(.isr_vector)
 <LI><a href="#[100]">EDMA_1_CH9_DriverIRQHandler</a> from fsl_edma_soc.o(.text.EDMA_1_CH9_DriverIRQHandler) referenced from startup_mcxn947_cm33_core0.o(.text)
 <LI><a href="#[62]">EDMA_1_CH9_IRQHandler</a> from startup_mcxn947_cm33_core0.o(.text) referenced from startup_mcxn947_cm33_core0.o(.isr_vector)
 <LI><a href="#[146]">EDMA_LpspiMasterCallback</a> from fsl_lpspi_edma.o(.text.EDMA_LpspiMasterCallback) referenced 2 times from fsl_lpspi_edma.o(.text.LPSPI_MasterTransferEDMALite)
 <LI><a href="#[f3]">ELS_DriverIRQHandler</a> from startup_mcxn947_cm33_core0.o(.text) referenced from startup_mcxn947_cm33_core0.o(.text)
 <LI><a href="#[130]">ELS_ERR_DriverIRQHandler</a> from startup_mcxn947_cm33_core0.o(.text) referenced from startup_mcxn947_cm33_core0.o(.text)
 <LI><a href="#[92]">ELS_ERR_IRQHandler</a> from startup_mcxn947_cm33_core0.o(.text) referenced from startup_mcxn947_cm33_core0.o(.isr_vector)
 <LI><a href="#[55]">ELS_IRQHandler</a> from startup_mcxn947_cm33_core0.o(.text) referenced from startup_mcxn947_cm33_core0.o(.isr_vector)
 <LI><a href="#[111]">EMVSIM0_DriverIRQHandler</a> from startup_mcxn947_cm33_core0.o(.text) referenced from startup_mcxn947_cm33_core0.o(.text)
 <LI><a href="#[73]">EMVSIM0_IRQHandler</a> from startup_mcxn947_cm33_core0.o(.text) referenced from startup_mcxn947_cm33_core0.o(.isr_vector)
 <LI><a href="#[112]">EMVSIM1_DriverIRQHandler</a> from startup_mcxn947_cm33_core0.o(.text) referenced from startup_mcxn947_cm33_core0.o(.text)
 <LI><a href="#[74]">EMVSIM1_IRQHandler</a> from startup_mcxn947_cm33_core0.o(.text) referenced from startup_mcxn947_cm33_core0.o(.isr_vector)
 <LI><a href="#[126]">ENC0_COMPARE_DriverIRQHandler</a> from startup_mcxn947_cm33_core0.o(.text) referenced from startup_mcxn947_cm33_core0.o(.text)
 <LI><a href="#[88]">ENC0_COMPARE_IRQHandler</a> from startup_mcxn947_cm33_core0.o(.text) referenced from startup_mcxn947_cm33_core0.o(.isr_vector)
 <LI><a href="#[127]">ENC0_HOME_DriverIRQHandler</a> from startup_mcxn947_cm33_core0.o(.text) referenced from startup_mcxn947_cm33_core0.o(.text)
 <LI><a href="#[89]">ENC0_HOME_IRQHandler</a> from startup_mcxn947_cm33_core0.o(.text) referenced from startup_mcxn947_cm33_core0.o(.isr_vector)
 <LI><a href="#[129]">ENC0_IDX_DriverIRQHandler</a> from startup_mcxn947_cm33_core0.o(.text) referenced from startup_mcxn947_cm33_core0.o(.text)
 <LI><a href="#[8b]">ENC0_IDX_IRQHandler</a> from startup_mcxn947_cm33_core0.o(.text) referenced from startup_mcxn947_cm33_core0.o(.isr_vector)
 <LI><a href="#[128]">ENC0_WDG_SAB_DriverIRQHandler</a> from startup_mcxn947_cm33_core0.o(.text) referenced from startup_mcxn947_cm33_core0.o(.text)
 <LI><a href="#[8a]">ENC0_WDG_SAB_IRQHandler</a> from startup_mcxn947_cm33_core0.o(.text) referenced from startup_mcxn947_cm33_core0.o(.isr_vector)
 <LI><a href="#[12a]">ENC1_COMPARE_DriverIRQHandler</a> from startup_mcxn947_cm33_core0.o(.text) referenced from startup_mcxn947_cm33_core0.o(.text)
 <LI><a href="#[8c]">ENC1_COMPARE_IRQHandler</a> from startup_mcxn947_cm33_core0.o(.text) referenced from startup_mcxn947_cm33_core0.o(.isr_vector)
 <LI><a href="#[12b]">ENC1_HOME_DriverIRQHandler</a> from startup_mcxn947_cm33_core0.o(.text) referenced from startup_mcxn947_cm33_core0.o(.text)
 <LI><a href="#[8d]">ENC1_HOME_IRQHandler</a> from startup_mcxn947_cm33_core0.o(.text) referenced from startup_mcxn947_cm33_core0.o(.isr_vector)
 <LI><a href="#[12d]">ENC1_IDX_DriverIRQHandler</a> from startup_mcxn947_cm33_core0.o(.text) referenced from startup_mcxn947_cm33_core0.o(.text)
 <LI><a href="#[8f]">ENC1_IDX_IRQHandler</a> from startup_mcxn947_cm33_core0.o(.text) referenced from startup_mcxn947_cm33_core0.o(.isr_vector)
 <LI><a href="#[12c]">ENC1_WDG_SAB_DriverIRQHandler</a> from startup_mcxn947_cm33_core0.o(.text) referenced from startup_mcxn947_cm33_core0.o(.text)
 <LI><a href="#[8e]">ENC1_WDG_SAB_IRQHandler</a> from startup_mcxn947_cm33_core0.o(.text) referenced from startup_mcxn947_cm33_core0.o(.isr_vector)
 <LI><a href="#[133]">ERM_MULTI_BIT_ERROR_DriverIRQHandler</a> from startup_mcxn947_cm33_core0.o(.text) referenced from startup_mcxn947_cm33_core0.o(.text)
 <LI><a href="#[95]">ERM_MULTI_BIT_ERROR_IRQHandler</a> from startup_mcxn947_cm33_core0.o(.text) referenced from startup_mcxn947_cm33_core0.o(.isr_vector)
 <LI><a href="#[132]">ERM_SINGLE_BIT_ERROR_DriverIRQHandler</a> from startup_mcxn947_cm33_core0.o(.text) referenced from startup_mcxn947_cm33_core0.o(.text)
 <LI><a href="#[94]">ERM_SINGLE_BIT_ERROR_IRQHandler</a> from startup_mcxn947_cm33_core0.o(.text) referenced from startup_mcxn947_cm33_core0.o(.isr_vector)
 <LI><a href="#[13f]">ETB0_DriverIRQHandler</a> from startup_mcxn947_cm33_core0.o(.text) referenced from startup_mcxn947_cm33_core0.o(.text)
 <LI><a href="#[a1]">ETB0_IRQHandler</a> from startup_mcxn947_cm33_core0.o(.text) referenced from startup_mcxn947_cm33_core0.o(.isr_vector)
 <LI><a href="#[135]">ETHERNET_DriverIRQHandler</a> from startup_mcxn947_cm33_core0.o(.text) referenced from startup_mcxn947_cm33_core0.o(.text)
 <LI><a href="#[97]">ETHERNET_IRQHandler</a> from startup_mcxn947_cm33_core0.o(.text) referenced from startup_mcxn947_cm33_core0.o(.isr_vector)
 <LI><a href="#[137]">ETHERNET_MACLP_DriverIRQHandler</a> from startup_mcxn947_cm33_core0.o(.text) referenced from startup_mcxn947_cm33_core0.o(.text)
 <LI><a href="#[99]">ETHERNET_MACLP_IRQHandler</a> from startup_mcxn947_cm33_core0.o(.text) referenced from startup_mcxn947_cm33_core0.o(.isr_vector)
 <LI><a href="#[136]">ETHERNET_PMT_DriverIRQHandler</a> from startup_mcxn947_cm33_core0.o(.text) referenced from startup_mcxn947_cm33_core0.o(.text)
 <LI><a href="#[98]">ETHERNET_PMT_IRQHandler</a> from startup_mcxn947_cm33_core0.o(.text) referenced from startup_mcxn947_cm33_core0.o(.isr_vector)
 <LI><a href="#[10e]">EWM0_DriverIRQHandler</a> from startup_mcxn947_cm33_core0.o(.text) referenced from startup_mcxn947_cm33_core0.o(.text)
 <LI><a href="#[70]">EWM0_IRQHandler</a> from startup_mcxn947_cm33_core0.o(.text) referenced from startup_mcxn947_cm33_core0.o(.isr_vector)
 <LI><a href="#[113]">FLEXIO_DriverIRQHandler</a> from fsl_flexio.o(.text.FLEXIO_DriverIRQHandler) referenced from startup_mcxn947_cm33_core0.o(.text)
 <LI><a href="#[75]">FLEXIO_IRQHandler</a> from startup_mcxn947_cm33_core0.o(.text) referenced from startup_mcxn947_cm33_core0.o(.isr_vector)
 <LI><a href="#[11b]">FLEXPWM0_FAULT_DriverIRQHandler</a> from startup_mcxn947_cm33_core0.o(.text) referenced from startup_mcxn947_cm33_core0.o(.text)
 <LI><a href="#[7d]">FLEXPWM0_FAULT_IRQHandler</a> from startup_mcxn947_cm33_core0.o(.text) referenced from startup_mcxn947_cm33_core0.o(.isr_vector)
 <LI><a href="#[11a]">FLEXPWM0_RELOAD_ERROR_DriverIRQHandler</a> from startup_mcxn947_cm33_core0.o(.text) referenced from startup_mcxn947_cm33_core0.o(.text)
 <LI><a href="#[7c]">FLEXPWM0_RELOAD_ERROR_IRQHandler</a> from startup_mcxn947_cm33_core0.o(.text) referenced from startup_mcxn947_cm33_core0.o(.isr_vector)
 <LI><a href="#[11c]">FLEXPWM0_SUBMODULE0_DriverIRQHandler</a> from startup_mcxn947_cm33_core0.o(.text) referenced from startup_mcxn947_cm33_core0.o(.text)
 <LI><a href="#[7e]">FLEXPWM0_SUBMODULE0_IRQHandler</a> from startup_mcxn947_cm33_core0.o(.text) referenced from startup_mcxn947_cm33_core0.o(.isr_vector)
 <LI><a href="#[11d]">FLEXPWM0_SUBMODULE1_DriverIRQHandler</a> from startup_mcxn947_cm33_core0.o(.text) referenced from startup_mcxn947_cm33_core0.o(.text)
 <LI><a href="#[7f]">FLEXPWM0_SUBMODULE1_IRQHandler</a> from startup_mcxn947_cm33_core0.o(.text) referenced from startup_mcxn947_cm33_core0.o(.isr_vector)
 <LI><a href="#[11e]">FLEXPWM0_SUBMODULE2_DriverIRQHandler</a> from startup_mcxn947_cm33_core0.o(.text) referenced from startup_mcxn947_cm33_core0.o(.text)
 <LI><a href="#[80]">FLEXPWM0_SUBMODULE2_IRQHandler</a> from startup_mcxn947_cm33_core0.o(.text) referenced from startup_mcxn947_cm33_core0.o(.isr_vector)
 <LI><a href="#[11f]">FLEXPWM0_SUBMODULE3_DriverIRQHandler</a> from startup_mcxn947_cm33_core0.o(.text) referenced from startup_mcxn947_cm33_core0.o(.text)
 <LI><a href="#[81]">FLEXPWM0_SUBMODULE3_IRQHandler</a> from startup_mcxn947_cm33_core0.o(.text) referenced from startup_mcxn947_cm33_core0.o(.isr_vector)
 <LI><a href="#[121]">FLEXPWM1_FAULT_DriverIRQHandler</a> from startup_mcxn947_cm33_core0.o(.text) referenced from startup_mcxn947_cm33_core0.o(.text)
 <LI><a href="#[83]">FLEXPWM1_FAULT_IRQHandler</a> from startup_mcxn947_cm33_core0.o(.text) referenced from startup_mcxn947_cm33_core0.o(.isr_vector)
 <LI><a href="#[120]">FLEXPWM1_RELOAD_ERROR_DriverIRQHandler</a> from startup_mcxn947_cm33_core0.o(.text) referenced from startup_mcxn947_cm33_core0.o(.text)
 <LI><a href="#[82]">FLEXPWM1_RELOAD_ERROR_IRQHandler</a> from startup_mcxn947_cm33_core0.o(.text) referenced from startup_mcxn947_cm33_core0.o(.isr_vector)
 <LI><a href="#[122]">FLEXPWM1_SUBMODULE0_DriverIRQHandler</a> from startup_mcxn947_cm33_core0.o(.text) referenced from startup_mcxn947_cm33_core0.o(.text)
 <LI><a href="#[84]">FLEXPWM1_SUBMODULE0_IRQHandler</a> from startup_mcxn947_cm33_core0.o(.text) referenced from startup_mcxn947_cm33_core0.o(.isr_vector)
 <LI><a href="#[123]">FLEXPWM1_SUBMODULE1_DriverIRQHandler</a> from startup_mcxn947_cm33_core0.o(.text) referenced from startup_mcxn947_cm33_core0.o(.text)
 <LI><a href="#[85]">FLEXPWM1_SUBMODULE1_IRQHandler</a> from startup_mcxn947_cm33_core0.o(.text) referenced from startup_mcxn947_cm33_core0.o(.isr_vector)
 <LI><a href="#[124]">FLEXPWM1_SUBMODULE2_DriverIRQHandler</a> from startup_mcxn947_cm33_core0.o(.text) referenced from startup_mcxn947_cm33_core0.o(.text)
 <LI><a href="#[86]">FLEXPWM1_SUBMODULE2_IRQHandler</a> from startup_mcxn947_cm33_core0.o(.text) referenced from startup_mcxn947_cm33_core0.o(.isr_vector)
 <LI><a href="#[125]">FLEXPWM1_SUBMODULE3_DriverIRQHandler</a> from startup_mcxn947_cm33_core0.o(.text) referenced from startup_mcxn947_cm33_core0.o(.text)
 <LI><a href="#[87]">FLEXPWM1_SUBMODULE3_IRQHandler</a> from startup_mcxn947_cm33_core0.o(.text) referenced from startup_mcxn947_cm33_core0.o(.isr_vector)
 <LI><a href="#[e4]">FLEXSPI0_DriverIRQHandler</a> from startup_mcxn947_cm33_core0.o(.text) referenced from startup_mcxn947_cm33_core0.o(.text)
 <LI><a href="#[46]">FLEXSPI0_IRQHandler</a> from startup_mcxn947_cm33_core0.o(.text) referenced from startup_mcxn947_cm33_core0.o(.isr_vector)
 <LI><a href="#[134]">FMU0_DriverIRQHandler</a> from startup_mcxn947_cm33_core0.o(.text) referenced from startup_mcxn947_cm33_core0.o(.text)
 <LI><a href="#[96]">FMU0_IRQHandler</a> from startup_mcxn947_cm33_core0.o(.text) referenced from startup_mcxn947_cm33_core0.o(.isr_vector)
 <LI><a href="#[f1]">Freqme_DriverIRQHandler</a> from startup_mcxn947_cm33_core0.o(.text) referenced from startup_mcxn947_cm33_core0.o(.text)
 <LI><a href="#[53]">Freqme_IRQHandler</a> from startup_mcxn947_cm33_core0.o(.text) referenced from startup_mcxn947_cm33_core0.o(.isr_vector)
 <LI><a href="#[10c]">GDET_DriverIRQHandler</a> from startup_mcxn947_cm33_core0.o(.text) referenced from startup_mcxn947_cm33_core0.o(.text)
 <LI><a href="#[6e]">GDET_IRQHandler</a> from startup_mcxn947_cm33_core0.o(.text) referenced from startup_mcxn947_cm33_core0.o(.isr_vector)
 <LI><a href="#[bb]">GPIO00_DriverIRQHandler</a> from startup_mcxn947_cm33_core0.o(.text) referenced from startup_mcxn947_cm33_core0.o(.text)
 <LI><a href="#[1d]">GPIO00_IRQHandler</a> from fsl_adapter_gpio.o(.text.GPIO00_IRQHandler) referenced from startup_mcxn947_cm33_core0.o(.isr_vector)
 <LI><a href="#[bc]">GPIO01_DriverIRQHandler</a> from startup_mcxn947_cm33_core0.o(.text) referenced from startup_mcxn947_cm33_core0.o(.text)
 <LI><a href="#[1e]">GPIO01_IRQHandler</a> from fsl_adapter_gpio.o(.text.GPIO01_IRQHandler) referenced from startup_mcxn947_cm33_core0.o(.isr_vector)
 <LI><a href="#[bd]">GPIO10_DriverIRQHandler</a> from startup_mcxn947_cm33_core0.o(.text) referenced from startup_mcxn947_cm33_core0.o(.text)
 <LI><a href="#[1f]">GPIO10_IRQHandler</a> from fsl_adapter_gpio.o(.text.GPIO10_IRQHandler) referenced from startup_mcxn947_cm33_core0.o(.isr_vector)
 <LI><a href="#[be]">GPIO11_DriverIRQHandler</a> from startup_mcxn947_cm33_core0.o(.text) referenced from startup_mcxn947_cm33_core0.o(.text)
 <LI><a href="#[20]">GPIO11_IRQHandler</a> from fsl_adapter_gpio.o(.text.GPIO11_IRQHandler) referenced from startup_mcxn947_cm33_core0.o(.isr_vector)
 <LI><a href="#[bf]">GPIO20_DriverIRQHandler</a> from startup_mcxn947_cm33_core0.o(.text) referenced from startup_mcxn947_cm33_core0.o(.text)
 <LI><a href="#[21]">GPIO20_IRQHandler</a> from fsl_adapter_gpio.o(.text.GPIO20_IRQHandler) referenced from startup_mcxn947_cm33_core0.o(.isr_vector)
 <LI><a href="#[c0]">GPIO21_DriverIRQHandler</a> from startup_mcxn947_cm33_core0.o(.text) referenced from startup_mcxn947_cm33_core0.o(.text)
 <LI><a href="#[22]">GPIO21_IRQHandler</a> from fsl_adapter_gpio.o(.text.GPIO21_IRQHandler) referenced from startup_mcxn947_cm33_core0.o(.isr_vector)
 <LI><a href="#[c1]">GPIO30_DriverIRQHandler</a> from startup_mcxn947_cm33_core0.o(.text) referenced from startup_mcxn947_cm33_core0.o(.text)
 <LI><a href="#[23]">GPIO30_IRQHandler</a> from fsl_adapter_gpio.o(.text.GPIO30_IRQHandler) referenced from startup_mcxn947_cm33_core0.o(.isr_vector)
 <LI><a href="#[c2]">GPIO31_DriverIRQHandler</a> from startup_mcxn947_cm33_core0.o(.text) referenced from startup_mcxn947_cm33_core0.o(.text)
 <LI><a href="#[24]">GPIO31_IRQHandler</a> from fsl_adapter_gpio.o(.text.GPIO31_IRQHandler) referenced from startup_mcxn947_cm33_core0.o(.isr_vector)
 <LI><a href="#[c3]">GPIO40_DriverIRQHandler</a> from startup_mcxn947_cm33_core0.o(.text) referenced from startup_mcxn947_cm33_core0.o(.text)
 <LI><a href="#[25]">GPIO40_IRQHandler</a> from fsl_adapter_gpio.o(.text.GPIO40_IRQHandler) referenced from startup_mcxn947_cm33_core0.o(.isr_vector)
 <LI><a href="#[c4]">GPIO41_DriverIRQHandler</a> from startup_mcxn947_cm33_core0.o(.text) referenced from startup_mcxn947_cm33_core0.o(.text)
 <LI><a href="#[26]">GPIO41_IRQHandler</a> from fsl_adapter_gpio.o(.text.GPIO41_IRQHandler) referenced from startup_mcxn947_cm33_core0.o(.isr_vector)
 <LI><a href="#[c5]">GPIO50_DriverIRQHandler</a> from startup_mcxn947_cm33_core0.o(.text) referenced from startup_mcxn947_cm33_core0.o(.text)
 <LI><a href="#[27]">GPIO50_IRQHandler</a> from fsl_adapter_gpio.o(.text.GPIO50_IRQHandler) referenced from startup_mcxn947_cm33_core0.o(.isr_vector)
 <LI><a href="#[c6]">GPIO51_DriverIRQHandler</a> from startup_mcxn947_cm33_core0.o(.text) referenced from startup_mcxn947_cm33_core0.o(.text)
 <LI><a href="#[28]">GPIO51_IRQHandler</a> from fsl_adapter_gpio.o(.text.GPIO51_IRQHandler) referenced from startup_mcxn947_cm33_core0.o(.isr_vector)
 <LI><a href="#[117]">HSCMP0_DriverIRQHandler</a> from startup_mcxn947_cm33_core0.o(.text) referenced from startup_mcxn947_cm33_core0.o(.text)
 <LI><a href="#[79]">HSCMP0_IRQHandler</a> from startup_mcxn947_cm33_core0.o(.text) referenced from startup_mcxn947_cm33_core0.o(.isr_vector)
 <LI><a href="#[118]">HSCMP1_DriverIRQHandler</a> from startup_mcxn947_cm33_core0.o(.text) referenced from startup_mcxn947_cm33_core0.o(.text)
 <LI><a href="#[7a]">HSCMP1_IRQHandler</a> from startup_mcxn947_cm33_core0.o(.text) referenced from startup_mcxn947_cm33_core0.o(.isr_vector)
 <LI><a href="#[119]">HSCMP2_DriverIRQHandler</a> from startup_mcxn947_cm33_core0.o(.text) referenced from startup_mcxn947_cm33_core0.o(.text)
 <LI><a href="#[7b]">HSCMP2_IRQHandler</a> from startup_mcxn947_cm33_core0.o(.text) referenced from startup_mcxn947_cm33_core0.o(.isr_vector)
 <LI><a href="#[3]">HardFault_Handler</a> from zf_board_init.o(.text.HardFault_Handler) referenced from startup_mcxn947_cm33_core0.o(.isr_vector)
 <LI><a href="#[3]">HardFault_Handler</a> from zf_board_init.o(.text.HardFault_Handler) referenced from startup_mcxn947_cm33_core0.o(.text)
 <LI><a href="#[109]">I3C0_DriverIRQHandler</a> from startup_mcxn947_cm33_core0.o(.text) referenced from startup_mcxn947_cm33_core0.o(.text)
 <LI><a href="#[6b]">I3C0_IRQHandler</a> from startup_mcxn947_cm33_core0.o(.text) referenced from startup_mcxn947_cm33_core0.o(.isr_vector)
 <LI><a href="#[10a]">I3C1_DriverIRQHandler</a> from startup_mcxn947_cm33_core0.o(.text) referenced from startup_mcxn947_cm33_core0.o(.text)
 <LI><a href="#[6c]">I3C1_IRQHandler</a> from startup_mcxn947_cm33_core0.o(.text) referenced from startup_mcxn947_cm33_core0.o(.isr_vector)
 <LI><a href="#[12e]">ITRC0_DriverIRQHandler</a> from startup_mcxn947_cm33_core0.o(.text) referenced from startup_mcxn947_cm33_core0.o(.text)
 <LI><a href="#[90]">ITRC0_IRQHandler</a> from startup_mcxn947_cm33_core0.o(.text) referenced from startup_mcxn947_cm33_core0.o(.isr_vector)
 <LI><a href="#[148]">LPSPI_MasterUserCallback</a> from zf_device_ips200.o(.text.LPSPI_MasterUserCallback) referenced 2 times from zf_device_ips200.o(.text.ips200_init)
 <LI><a href="#[139]">LPTMR0_DriverIRQHandler</a> from startup_mcxn947_cm33_core0.o(.text) referenced from startup_mcxn947_cm33_core0.o(.text)
 <LI><a href="#[9b]">LPTMR0_IRQHandler</a> from startup_mcxn947_cm33_core0.o(.text) referenced from startup_mcxn947_cm33_core0.o(.isr_vector)
 <LI><a href="#[13a]">LPTMR1_DriverIRQHandler</a> from startup_mcxn947_cm33_core0.o(.text) referenced from startup_mcxn947_cm33_core0.o(.text)
 <LI><a href="#[9c]">LPTMR1_IRQHandler</a> from startup_mcxn947_cm33_core0.o(.text) referenced from startup_mcxn947_cm33_core0.o(.isr_vector)
 <LI><a href="#[cd]">LP_FLEXCOMM0_DriverIRQHandler</a> from fsl_lpflexcomm.o(.text.LP_FLEXCOMM0_DriverIRQHandler) referenced from startup_mcxn947_cm33_core0.o(.text)
 <LI><a href="#[2f]">LP_FLEXCOMM0_IRQHandler</a> from startup_mcxn947_cm33_core0.o(.text) referenced from startup_mcxn947_cm33_core0.o(.isr_vector)
 <LI><a href="#[ce]">LP_FLEXCOMM1_DriverIRQHandler</a> from fsl_lpflexcomm.o(.text.LP_FLEXCOMM1_DriverIRQHandler) referenced from startup_mcxn947_cm33_core0.o(.text)
 <LI><a href="#[30]">LP_FLEXCOMM1_IRQHandler</a> from startup_mcxn947_cm33_core0.o(.text) referenced from startup_mcxn947_cm33_core0.o(.isr_vector)
 <LI><a href="#[cf]">LP_FLEXCOMM2_DriverIRQHandler</a> from fsl_lpflexcomm.o(.text.LP_FLEXCOMM2_DriverIRQHandler) referenced from startup_mcxn947_cm33_core0.o(.text)
 <LI><a href="#[31]">LP_FLEXCOMM2_IRQHandler</a> from startup_mcxn947_cm33_core0.o(.text) referenced from startup_mcxn947_cm33_core0.o(.isr_vector)
 <LI><a href="#[d0]">LP_FLEXCOMM3_DriverIRQHandler</a> from fsl_lpflexcomm.o(.text.LP_FLEXCOMM3_DriverIRQHandler) referenced from startup_mcxn947_cm33_core0.o(.text)
 <LI><a href="#[32]">LP_FLEXCOMM3_IRQHandler</a> from startup_mcxn947_cm33_core0.o(.text) referenced from startup_mcxn947_cm33_core0.o(.isr_vector)
 <LI><a href="#[d1]">LP_FLEXCOMM4_DriverIRQHandler</a> from fsl_lpflexcomm.o(.text.LP_FLEXCOMM4_DriverIRQHandler) referenced from startup_mcxn947_cm33_core0.o(.text)
 <LI><a href="#[33]">LP_FLEXCOMM4_IRQHandler</a> from zf_board_init.o(.text.LP_FLEXCOMM4_IRQHandler) referenced from startup_mcxn947_cm33_core0.o(.isr_vector)
 <LI><a href="#[d2]">LP_FLEXCOMM5_DriverIRQHandler</a> from fsl_lpflexcomm.o(.text.LP_FLEXCOMM5_DriverIRQHandler) referenced from startup_mcxn947_cm33_core0.o(.text)
 <LI><a href="#[34]">LP_FLEXCOMM5_IRQHandler</a> from zf_driver_uart.o(.text.LP_FLEXCOMM5_IRQHandler) referenced from startup_mcxn947_cm33_core0.o(.isr_vector)
 <LI><a href="#[d3]">LP_FLEXCOMM6_DriverIRQHandler</a> from fsl_lpflexcomm.o(.text.LP_FLEXCOMM6_DriverIRQHandler) referenced from startup_mcxn947_cm33_core0.o(.text)
 <LI><a href="#[35]">LP_FLEXCOMM6_IRQHandler</a> from startup_mcxn947_cm33_core0.o(.text) referenced from startup_mcxn947_cm33_core0.o(.isr_vector)
 <LI><a href="#[d4]">LP_FLEXCOMM7_DriverIRQHandler</a> from fsl_lpflexcomm.o(.text.LP_FLEXCOMM7_DriverIRQHandler) referenced from startup_mcxn947_cm33_core0.o(.text)
 <LI><a href="#[36]">LP_FLEXCOMM7_IRQHandler</a> from startup_mcxn947_cm33_core0.o(.text) referenced from startup_mcxn947_cm33_core0.o(.isr_vector)
 <LI><a href="#[d5]">LP_FLEXCOMM8_DriverIRQHandler</a> from fsl_lpflexcomm.o(.text.LP_FLEXCOMM8_DriverIRQHandler) referenced from startup_mcxn947_cm33_core0.o(.text)
 <LI><a href="#[37]">LP_FLEXCOMM8_IRQHandler</a> from startup_mcxn947_cm33_core0.o(.text) referenced from startup_mcxn947_cm33_core0.o(.isr_vector)
 <LI><a href="#[d6]">LP_FLEXCOMM9_DriverIRQHandler</a> from fsl_lpflexcomm.o(.text.LP_FLEXCOMM9_DriverIRQHandler) referenced from startup_mcxn947_cm33_core0.o(.text)
 <LI><a href="#[38]">LP_FLEXCOMM9_IRQHandler</a> from startup_mcxn947_cm33_core0.o(.text) referenced from startup_mcxn947_cm33_core0.o(.isr_vector)
 <LI><a href="#[e0]">MAILBOX_DriverIRQHandler</a> from startup_mcxn947_cm33_core0.o(.text) referenced from startup_mcxn947_cm33_core0.o(.text)
 <LI><a href="#[42]">MAILBOX_IRQHandler</a> from startup_mcxn947_cm33_core0.o(.text) referenced from startup_mcxn947_cm33_core0.o(.isr_vector)
 <LI><a href="#[c8]">MRT0_DriverIRQHandler</a> from startup_mcxn947_cm33_core0.o(.text) referenced from startup_mcxn947_cm33_core0.o(.text)
 <LI><a href="#[2a]">MRT0_IRQHandler</a> from startup_mcxn947_cm33_core0.o(.text) referenced from startup_mcxn947_cm33_core0.o(.isr_vector)
 <LI><a href="#[4]">MemManage_Handler</a> from startup_mcxn947_cm33_core0.o(.text) referenced from startup_mcxn947_cm33_core0.o(.isr_vector)
 <LI><a href="#[2]">NMI_Handler</a> from startup_mcxn947_cm33_core0.o(.text) referenced from startup_mcxn947_cm33_core0.o(.isr_vector)
 <LI><a href="#[2]">NMI_Handler</a> from startup_mcxn947_cm33_core0.o(.text) referenced from startup_mcxn947_cm33_core0.o(.text)
 <LI><a href="#[10b]">NPU_DriverIRQHandler</a> from startup_mcxn947_cm33_core0.o(.text) referenced from startup_mcxn947_cm33_core0.o(.text)
 <LI><a href="#[6d]">NPU_IRQHandler</a> from startup_mcxn947_cm33_core0.o(.text) referenced from startup_mcxn947_cm33_core0.o(.isr_vector)
 <LI><a href="#[aa]">OR_DriverIRQHandler</a> from startup_mcxn947_cm33_core0.o(.text) referenced from startup_mcxn947_cm33_core0.o(.text)
 <LI><a href="#[c]">OR_IRQHandler</a> from startup_mcxn947_cm33_core0.o(.text) referenced from startup_mcxn947_cm33_core0.o(.isr_vector)
 <LI><a href="#[e3]">OS_EVENT_DriverIRQHandler</a> from startup_mcxn947_cm33_core0.o(.text) referenced from startup_mcxn947_cm33_core0.o(.text)
 <LI><a href="#[45]">OS_EVENT_IRQHandler</a> from startup_mcxn947_cm33_core0.o(.text) referenced from startup_mcxn947_cm33_core0.o(.isr_vector)
 <LI><a href="#[da]">PDM_EVENT_DriverIRQHandler</a> from startup_mcxn947_cm33_core0.o(.text) referenced from startup_mcxn947_cm33_core0.o(.text)
 <LI><a href="#[3c]">PDM_EVENT_IRQHandler</a> from startup_mcxn947_cm33_core0.o(.text) referenced from startup_mcxn947_cm33_core0.o(.isr_vector)
 <LI><a href="#[d9]">PINT0_DriverIRQHandler</a> from startup_mcxn947_cm33_core0.o(.text) referenced from startup_mcxn947_cm33_core0.o(.text)
 <LI><a href="#[3b]">PINT0_IRQHandler</a> from startup_mcxn947_cm33_core0.o(.text) referenced from startup_mcxn947_cm33_core0.o(.isr_vector)
 <LI><a href="#[f4]">PKC_DriverIRQHandler</a> from startup_mcxn947_cm33_core0.o(.text) referenced from startup_mcxn947_cm33_core0.o(.text)
 <LI><a href="#[131]">PKC_ERR_DriverIRQHandler</a> from startup_mcxn947_cm33_core0.o(.text) referenced from startup_mcxn947_cm33_core0.o(.text)
 <LI><a href="#[93]">PKC_ERR_IRQHandler</a> from startup_mcxn947_cm33_core0.o(.text) referenced from startup_mcxn947_cm33_core0.o(.isr_vector)
 <LI><a href="#[56]">PKC_IRQHandler</a> from startup_mcxn947_cm33_core0.o(.text) referenced from startup_mcxn947_cm33_core0.o(.isr_vector)
 <LI><a href="#[f0]">PLU_DriverIRQHandler</a> from zf_driver_ezh.o(.text.PLU_DriverIRQHandler) referenced from startup_mcxn947_cm33_core0.o(.text)
 <LI><a href="#[52]">PLU_IRQHandler</a> from startup_mcxn947_cm33_core0.o(.text) referenced from startup_mcxn947_cm33_core0.o(.isr_vector)
 <LI><a href="#[13e]">PORT_EFT_DriverIRQHandler</a> from startup_mcxn947_cm33_core0.o(.text) referenced from startup_mcxn947_cm33_core0.o(.text)
 <LI><a href="#[a0]">PORT_EFT_IRQHandler</a> from startup_mcxn947_cm33_core0.o(.text) referenced from startup_mcxn947_cm33_core0.o(.isr_vector)
 <LI><a href="#[f6]">PQ_DriverIRQHandler</a> from startup_mcxn947_cm33_core0.o(.text) referenced from startup_mcxn947_cm33_core0.o(.text)
 <LI><a href="#[58]">PQ_IRQHandler</a> from startup_mcxn947_cm33_core0.o(.text) referenced from startup_mcxn947_cm33_core0.o(.isr_vector)
 <LI><a href="#[f5]">PUF_DriverIRQHandler</a> from startup_mcxn947_cm33_core0.o(.text) referenced from startup_mcxn947_cm33_core0.o(.text)
 <LI><a href="#[57]">PUF_IRQHandler</a> from startup_mcxn947_cm33_core0.o(.text) referenced from startup_mcxn947_cm33_core0.o(.isr_vector)
 <LI><a href="#[a]">PendSV_Handler</a> from startup_mcxn947_cm33_core0.o(.text) referenced from startup_mcxn947_cm33_core0.o(.isr_vector)
 <LI><a href="#[a]">PendSV_Handler</a> from startup_mcxn947_cm33_core0.o(.text) referenced from startup_mcxn947_cm33_core0.o(.text)
 <LI><a href="#[de]">RTC_DriverIRQHandler</a> from startup_mcxn947_cm33_core0.o(.text) referenced from startup_mcxn947_cm33_core0.o(.text)
 <LI><a href="#[40]">RTC_IRQHandler</a> from startup_mcxn947_cm33_core0.o(.text) referenced from startup_mcxn947_cm33_core0.o(.isr_vector)
 <LI><a href="#[db]">Reserved65_DriverIRQHandler</a> from startup_mcxn947_cm33_core0.o(.text) referenced from startup_mcxn947_cm33_core0.o(.text)
 <LI><a href="#[3d]">Reserved65_IRQHandler</a> from startup_mcxn947_cm33_core0.o(.text) referenced from startup_mcxn947_cm33_core0.o(.isr_vector)
 <LI><a href="#[ea]">Reserved80_DriverIRQHandler</a> from startup_mcxn947_cm33_core0.o(.text) referenced from startup_mcxn947_cm33_core0.o(.text)
 <LI><a href="#[4c]">Reserved80_IRQHandler</a> from startup_mcxn947_cm33_core0.o(.text) referenced from startup_mcxn947_cm33_core0.o(.isr_vector)
 <LI><a href="#[eb]">Reserved81_DriverIRQHandler</a> from startup_mcxn947_cm33_core0.o(.text) referenced from startup_mcxn947_cm33_core0.o(.text)
 <LI><a href="#[4d]">Reserved81_IRQHandler</a> from startup_mcxn947_cm33_core0.o(.text) referenced from startup_mcxn947_cm33_core0.o(.isr_vector)
 <LI><a href="#[ef]">Reserved85_DriverIRQHandler</a> from startup_mcxn947_cm33_core0.o(.text) referenced from startup_mcxn947_cm33_core0.o(.text)
 <LI><a href="#[51]">Reserved85_IRQHandler</a> from startup_mcxn947_cm33_core0.o(.text) referenced from startup_mcxn947_cm33_core0.o(.isr_vector)
 <LI><a href="#[1]">Reset_Handler</a> from startup_mcxn947_cm33_core0.o(.text) referenced from startup_mcxn947_cm33_core0.o(.isr_vector)
 <LI><a href="#[e5]">SAI0_DriverIRQHandler</a> from startup_mcxn947_cm33_core0.o(.text) referenced from startup_mcxn947_cm33_core0.o(.text)
 <LI><a href="#[47]">SAI0_IRQHandler</a> from startup_mcxn947_cm33_core0.o(.text) referenced from startup_mcxn947_cm33_core0.o(.isr_vector)
 <LI><a href="#[e6]">SAI1_DriverIRQHandler</a> from startup_mcxn947_cm33_core0.o(.text) referenced from startup_mcxn947_cm33_core0.o(.text)
 <LI><a href="#[48]">SAI1_IRQHandler</a> from startup_mcxn947_cm33_core0.o(.text) referenced from startup_mcxn947_cm33_core0.o(.isr_vector)
 <LI><a href="#[13b]">SCG_DriverIRQHandler</a> from startup_mcxn947_cm33_core0.o(.text) referenced from startup_mcxn947_cm33_core0.o(.text)
 <LI><a href="#[9d]">SCG_IRQHandler</a> from startup_mcxn947_cm33_core0.o(.text) referenced from startup_mcxn947_cm33_core0.o(.isr_vector)
 <LI><a href="#[cb]">SCT0_DriverIRQHandler</a> from startup_mcxn947_cm33_core0.o(.text) referenced from startup_mcxn947_cm33_core0.o(.text)
 <LI><a href="#[2d]">SCT0_IRQHandler</a> from startup_mcxn947_cm33_core0.o(.text) referenced from startup_mcxn947_cm33_core0.o(.isr_vector)
 <LI><a href="#[ee]">SEC_HYPERVISOR_CALL_DriverIRQHandler</a> from startup_mcxn947_cm33_core0.o(.text) referenced from startup_mcxn947_cm33_core0.o(.text)
 <LI><a href="#[50]">SEC_HYPERVISOR_CALL_IRQHandler</a> from startup_mcxn947_cm33_core0.o(.text) referenced from startup_mcxn947_cm33_core0.o(.isr_vector)
 <LI><a href="#[f2]">SEC_VIO_DriverIRQHandler</a> from startup_mcxn947_cm33_core0.o(.text) referenced from startup_mcxn947_cm33_core0.o(.text)
 <LI><a href="#[54]">SEC_VIO_IRQHandler</a> from startup_mcxn947_cm33_core0.o(.text) referenced from startup_mcxn947_cm33_core0.o(.isr_vector)
 <LI><a href="#[138]">SINC_FILTER_DriverIRQHandler</a> from startup_mcxn947_cm33_core0.o(.text) referenced from startup_mcxn947_cm33_core0.o(.text)
 <LI><a href="#[9a]">SINC_FILTER_IRQHandler</a> from startup_mcxn947_cm33_core0.o(.text) referenced from startup_mcxn947_cm33_core0.o(.isr_vector)
 <LI><a href="#[140]">SM3_DriverIRQHandler</a> from startup_mcxn947_cm33_core0.o(.text) referenced from startup_mcxn947_cm33_core0.o(.text)
 <LI><a href="#[a2]">SM3_IRQHandler</a> from startup_mcxn947_cm33_core0.o(.text) referenced from startup_mcxn947_cm33_core0.o(.isr_vector)
 <LI><a href="#[df]">SMARTDMA_DriverIRQHandler</a> from startup_mcxn947_cm33_core0.o(.text) referenced from startup_mcxn947_cm33_core0.o(.text)
 <LI><a href="#[41]">SMARTDMA_IRQHandler</a> from fsl_smartdma_mcxn.o(.text.SMARTDMA_IRQHandler) referenced from startup_mcxn947_cm33_core0.o(.isr_vector)
 <LI><a href="#[13c]">SPC_DriverIRQHandler</a> from startup_mcxn947_cm33_core0.o(.text) referenced from startup_mcxn947_cm33_core0.o(.text)
 <LI><a href="#[9e]">SPC_IRQHandler</a> from startup_mcxn947_cm33_core0.o(.text) referenced from startup_mcxn947_cm33_core0.o(.isr_vector)
 <LI><a href="#[8]">SVC_Handler</a> from startup_mcxn947_cm33_core0.o(.text) referenced from startup_mcxn947_cm33_core0.o(.isr_vector)
 <LI><a href="#[8]">SVC_Handler</a> from startup_mcxn947_cm33_core0.o(.text) referenced from startup_mcxn947_cm33_core0.o(.text)
 <LI><a href="#[7]">SecureFault_Handler</a> from startup_mcxn947_cm33_core0.o(.text) referenced from startup_mcxn947_cm33_core0.o(.isr_vector)
 <LI><a href="#[b]">SysTick_Handler</a> from startup_mcxn947_cm33_core0.o(.text) referenced from startup_mcxn947_cm33_core0.o(.isr_vector)
 <LI><a href="#[b]">SysTick_Handler</a> from startup_mcxn947_cm33_core0.o(.text) referenced from startup_mcxn947_cm33_core0.o(.text)
 <LI><a href="#[a8]">SystemInit</a> from system_mcxn947_cm33_core0.o(.text.SystemInit) referenced from startup_mcxn947_cm33_core0.o(.text)
 <LI><a href="#[141]">TRNG0_DriverIRQHandler</a> from startup_mcxn947_cm33_core0.o(.text) referenced from startup_mcxn947_cm33_core0.o(.text)
 <LI><a href="#[a3]">TRNG0_IRQHandler</a> from startup_mcxn947_cm33_core0.o(.text) referenced from startup_mcxn947_cm33_core0.o(.isr_vector)
 <LI><a href="#[10f]">TSI_END_OF_SCAN_DriverIRQHandler</a> from startup_mcxn947_cm33_core0.o(.text) referenced from startup_mcxn947_cm33_core0.o(.text)
 <LI><a href="#[71]">TSI_END_OF_SCAN_IRQHandler</a> from startup_mcxn947_cm33_core0.o(.text) referenced from startup_mcxn947_cm33_core0.o(.isr_vector)
 <LI><a href="#[110]">TSI_OUT_OF_SCAN_DriverIRQHandler</a> from startup_mcxn947_cm33_core0.o(.text) referenced from startup_mcxn947_cm33_core0.o(.text)
 <LI><a href="#[72]">TSI_OUT_OF_SCAN_IRQHandler</a> from startup_mcxn947_cm33_core0.o(.text) referenced from startup_mcxn947_cm33_core0.o(.isr_vector)
 <LI><a href="#[dd]">USB0_DCD_DriverIRQHandler</a> from startup_mcxn947_cm33_core0.o(.text) referenced from startup_mcxn947_cm33_core0.o(.text)
 <LI><a href="#[3f]">USB0_DCD_IRQHandler</a> from startup_mcxn947_cm33_core0.o(.text) referenced from startup_mcxn947_cm33_core0.o(.isr_vector)
 <LI><a href="#[dc]">USB0_FS_DriverIRQHandler</a> from startup_mcxn947_cm33_core0.o(.text) referenced from startup_mcxn947_cm33_core0.o(.text)
 <LI><a href="#[3e]">USB0_FS_IRQHandler</a> from startup_mcxn947_cm33_core0.o(.text) referenced from startup_mcxn947_cm33_core0.o(.isr_vector)
 <LI><a href="#[ed]">USB1_HS_DriverIRQHandler</a> from startup_mcxn947_cm33_core0.o(.text) referenced from startup_mcxn947_cm33_core0.o(.text)
 <LI><a href="#[4f]">USB1_HS_IRQHandler</a> from startup_mcxn947_cm33_core0.o(.text) referenced from startup_mcxn947_cm33_core0.o(.isr_vector)
 <LI><a href="#[ec]">USB1_HS_PHY_DriverIRQHandler</a> from startup_mcxn947_cm33_core0.o(.text) referenced from startup_mcxn947_cm33_core0.o(.text)
 <LI><a href="#[4e]">USB1_HS_PHY_IRQHandler</a> from startup_mcxn947_cm33_core0.o(.text) referenced from startup_mcxn947_cm33_core0.o(.isr_vector)
 <LI><a href="#[e7]">USDHC0_DriverIRQHandler</a> from fsl_usdhc.o(.text.USDHC0_DriverIRQHandler) referenced from startup_mcxn947_cm33_core0.o(.text)
 <LI><a href="#[49]">USDHC0_IRQHandler</a> from startup_mcxn947_cm33_core0.o(.text) referenced from startup_mcxn947_cm33_core0.o(.isr_vector)
 <LI><a href="#[c7]">UTICK0_DriverIRQHandler</a> from startup_mcxn947_cm33_core0.o(.text) referenced from startup_mcxn947_cm33_core0.o(.text)
 <LI><a href="#[29]">UTICK0_IRQHandler</a> from startup_mcxn947_cm33_core0.o(.text) referenced from startup_mcxn947_cm33_core0.o(.isr_vector)
 <LI><a href="#[6]">UsageFault_Handler</a> from startup_mcxn947_cm33_core0.o(.text) referenced from startup_mcxn947_cm33_core0.o(.isr_vector)
 <LI><a href="#[10d]">VBAT0_DriverIRQHandler</a> from startup_mcxn947_cm33_core0.o(.text) referenced from startup_mcxn947_cm33_core0.o(.text)
 <LI><a href="#[6f]">VBAT0_IRQHandler</a> from startup_mcxn947_cm33_core0.o(.text) referenced from startup_mcxn947_cm33_core0.o(.isr_vector)
 <LI><a href="#[13d]">WUU_DriverIRQHandler</a> from startup_mcxn947_cm33_core0.o(.text) referenced from startup_mcxn947_cm33_core0.o(.text)
 <LI><a href="#[9f]">WUU_IRQHandler</a> from startup_mcxn947_cm33_core0.o(.text) referenced from startup_mcxn947_cm33_core0.o(.isr_vector)
 <LI><a href="#[142]">WWDT0_DriverIRQHandler</a> from startup_mcxn947_cm33_core0.o(.text) referenced from startup_mcxn947_cm33_core0.o(.text)
 <LI><a href="#[a4]">WWDT0_IRQHandler</a> from startup_mcxn947_cm33_core0.o(.text) referenced from startup_mcxn947_cm33_core0.o(.isr_vector)
 <LI><a href="#[143]">WWDT1_DriverIRQHandler</a> from startup_mcxn947_cm33_core0.o(.text) referenced from startup_mcxn947_cm33_core0.o(.text)
 <LI><a href="#[a5]">WWDT1_IRQHandler</a> from startup_mcxn947_cm33_core0.o(.text) referenced from startup_mcxn947_cm33_core0.o(.isr_vector)
 <LI><a href="#[a9]">__main</a> from __main.o(!!!main) referenced from startup_mcxn947_cm33_core0.o(.text)
 <LI><a href="#[147]">ezh_camera_callback</a> from zf_driver_ezh.o(.text.ezh_camera_callback) referenced 2 times from zf_driver_ezh.o(.text.ezh_start)
</UL>
<P>
<H3>
Global Symbols
</H3>
<P><STRONG><a name="[a9]"></a>__main</STRONG> (Thumb, 8 bytes, Stack size 0 bytes, __main.o(!!!main))
<BR><BR>[Calls]<UL><LI><a href="#[14a]">&gt;&gt;</a>&nbsp;&nbsp;&nbsp;__rt_entry
<LI><a href="#[149]">&gt;&gt;</a>&nbsp;&nbsp;&nbsp;__scatterload
</UL>
<BR>[Address Reference Count : 1]<UL><LI> startup_mcxn947_cm33_core0.o(.text)
</UL>
<P><STRONG><a name="[149]"></a>__scatterload</STRONG> (Thumb, 0 bytes, Stack size unknown bytes, __scatter.o(!!!scatter))
<BR><BR>[Called By]<UL><LI><a href="#[a9]">&gt;&gt;</a>&nbsp;&nbsp;&nbsp;__main
</UL>

<P><STRONG><a name="[14b]"></a>__scatterload_rt2</STRONG> (Thumb, 44 bytes, Stack size unknown bytes, __scatter.o(!!!scatter), UNUSED)
<BR><BR>[Calls]<UL><LI><a href="#[14a]">&gt;&gt;</a>&nbsp;&nbsp;&nbsp;__rt_entry
</UL>

<P><STRONG><a name="[1e1]"></a>__scatterload_rt2_thumb_only</STRONG> (Thumb, 0 bytes, Stack size unknown bytes, __scatter.o(!!!scatter), UNUSED)

<P><STRONG><a name="[1e2]"></a>__scatterload_null</STRONG> (Thumb, 0 bytes, Stack size unknown bytes, __scatter.o(!!!scatter), UNUSED)

<P><STRONG><a name="[1e3]"></a>__decompress</STRONG> (Thumb, 58 bytes, Stack size unknown bytes, __dczerorl.o(!!dczerorl), UNUSED)

<P><STRONG><a name="[1e4]"></a>__decompress0</STRONG> (Thumb, 0 bytes, Stack size unknown bytes, __dczerorl.o(!!dczerorl), UNUSED)

<P><STRONG><a name="[1e5]"></a>__scatterload_zeroinit</STRONG> (Thumb, 28 bytes, Stack size unknown bytes, __scatter_zi.o(!!handler_zi), UNUSED)

<P><STRONG><a name="[14f]"></a>__rt_lib_init</STRONG> (Thumb, 0 bytes, Stack size unknown bytes, libinit.o(.ARM.Collect$$libinit$$00000000))
<BR><BR>[Called By]<UL><LI><a href="#[14e]">&gt;&gt;</a>&nbsp;&nbsp;&nbsp;__rt_entry_li
</UL>

<P><STRONG><a name="[14c]"></a>__rt_lib_init_fp_1</STRONG> (Thumb, 0 bytes, Stack size unknown bytes, libinit2.o(.ARM.Collect$$libinit$$00000001))
<BR><BR>[Calls]<UL><LI><a href="#[14d]">&gt;&gt;</a>&nbsp;&nbsp;&nbsp;_fp_init
</UL>

<P><STRONG><a name="[1e6]"></a>__rt_lib_init_alloca_1</STRONG> (Thumb, 0 bytes, Stack size unknown bytes, libinit2.o(.ARM.Collect$$libinit$$00000030))

<P><STRONG><a name="[1e7]"></a>__rt_lib_init_argv_1</STRONG> (Thumb, 0 bytes, Stack size unknown bytes, libinit2.o(.ARM.Collect$$libinit$$0000002E))

<P><STRONG><a name="[1e8]"></a>__rt_lib_init_atexit_1</STRONG> (Thumb, 0 bytes, Stack size unknown bytes, libinit2.o(.ARM.Collect$$libinit$$0000001D))

<P><STRONG><a name="[1e9]"></a>__rt_lib_init_clock_1</STRONG> (Thumb, 0 bytes, Stack size unknown bytes, libinit2.o(.ARM.Collect$$libinit$$00000023))

<P><STRONG><a name="[1ea]"></a>__rt_lib_init_cpp_1</STRONG> (Thumb, 0 bytes, Stack size unknown bytes, libinit2.o(.ARM.Collect$$libinit$$00000034))

<P><STRONG><a name="[1eb]"></a>__rt_lib_init_exceptions_1</STRONG> (Thumb, 0 bytes, Stack size unknown bytes, libinit2.o(.ARM.Collect$$libinit$$00000032))

<P><STRONG><a name="[1ec]"></a>__rt_lib_init_fp_trap_1</STRONG> (Thumb, 0 bytes, Stack size unknown bytes, libinit2.o(.ARM.Collect$$libinit$$00000021))

<P><STRONG><a name="[1ed]"></a>__rt_lib_init_getenv_1</STRONG> (Thumb, 0 bytes, Stack size unknown bytes, libinit2.o(.ARM.Collect$$libinit$$00000025))

<P><STRONG><a name="[1ee]"></a>__rt_lib_init_heap_1</STRONG> (Thumb, 0 bytes, Stack size unknown bytes, libinit2.o(.ARM.Collect$$libinit$$0000000C))

<P><STRONG><a name="[1ef]"></a>__rt_lib_init_lc_collate_1</STRONG> (Thumb, 0 bytes, Stack size unknown bytes, libinit2.o(.ARM.Collect$$libinit$$00000013))

<P><STRONG><a name="[1f0]"></a>__rt_lib_init_lc_ctype_1</STRONG> (Thumb, 0 bytes, Stack size unknown bytes, libinit2.o(.ARM.Collect$$libinit$$00000015))

<P><STRONG><a name="[1f1]"></a>__rt_lib_init_lc_monetary_1</STRONG> (Thumb, 0 bytes, Stack size unknown bytes, libinit2.o(.ARM.Collect$$libinit$$00000017))

<P><STRONG><a name="[1f2]"></a>__rt_lib_init_lc_numeric_1</STRONG> (Thumb, 0 bytes, Stack size unknown bytes, libinit2.o(.ARM.Collect$$libinit$$00000019))

<P><STRONG><a name="[1f3]"></a>__rt_lib_init_lc_time_1</STRONG> (Thumb, 0 bytes, Stack size unknown bytes, libinit2.o(.ARM.Collect$$libinit$$0000001B))

<P><STRONG><a name="[1f4]"></a>__rt_lib_init_preinit_1</STRONG> (Thumb, 0 bytes, Stack size unknown bytes, libinit2.o(.ARM.Collect$$libinit$$00000006))

<P><STRONG><a name="[1f5]"></a>__rt_lib_init_rand_1</STRONG> (Thumb, 0 bytes, Stack size unknown bytes, libinit2.o(.ARM.Collect$$libinit$$00000010))

<P><STRONG><a name="[1f6]"></a>__rt_lib_init_relocate_pie_1</STRONG> (Thumb, 0 bytes, Stack size unknown bytes, libinit2.o(.ARM.Collect$$libinit$$00000004))

<P><STRONG><a name="[1f7]"></a>__rt_lib_init_return</STRONG> (Thumb, 0 bytes, Stack size unknown bytes, libinit2.o(.ARM.Collect$$libinit$$00000035))

<P><STRONG><a name="[1f8]"></a>__rt_lib_init_signal_1</STRONG> (Thumb, 0 bytes, Stack size unknown bytes, libinit2.o(.ARM.Collect$$libinit$$0000001F))

<P><STRONG><a name="[1f9]"></a>__rt_lib_init_stdio_1</STRONG> (Thumb, 0 bytes, Stack size unknown bytes, libinit2.o(.ARM.Collect$$libinit$$00000027))

<P><STRONG><a name="[1fa]"></a>__rt_lib_init_user_alloc_1</STRONG> (Thumb, 0 bytes, Stack size unknown bytes, libinit2.o(.ARM.Collect$$libinit$$0000000E))

<P><STRONG><a name="[154]"></a>__rt_lib_shutdown</STRONG> (Thumb, 0 bytes, Stack size unknown bytes, libshutdown.o(.ARM.Collect$$libshutdown$$00000000))
<BR><BR>[Called By]<UL><LI><a href="#[153]">&gt;&gt;</a>&nbsp;&nbsp;&nbsp;__rt_exit_ls
</UL>

<P><STRONG><a name="[1fb]"></a>__rt_lib_shutdown_cpp_1</STRONG> (Thumb, 0 bytes, Stack size unknown bytes, libshutdown2.o(.ARM.Collect$$libshutdown$$00000002))

<P><STRONG><a name="[1fc]"></a>__rt_lib_shutdown_fp_trap_1</STRONG> (Thumb, 0 bytes, Stack size unknown bytes, libshutdown2.o(.ARM.Collect$$libshutdown$$00000007))

<P><STRONG><a name="[1fd]"></a>__rt_lib_shutdown_heap_1</STRONG> (Thumb, 0 bytes, Stack size unknown bytes, libshutdown2.o(.ARM.Collect$$libshutdown$$0000000F))

<P><STRONG><a name="[1fe]"></a>__rt_lib_shutdown_return</STRONG> (Thumb, 0 bytes, Stack size unknown bytes, libshutdown2.o(.ARM.Collect$$libshutdown$$00000010))

<P><STRONG><a name="[1ff]"></a>__rt_lib_shutdown_signal_1</STRONG> (Thumb, 0 bytes, Stack size unknown bytes, libshutdown2.o(.ARM.Collect$$libshutdown$$0000000A))

<P><STRONG><a name="[200]"></a>__rt_lib_shutdown_stdio_1</STRONG> (Thumb, 0 bytes, Stack size unknown bytes, libshutdown2.o(.ARM.Collect$$libshutdown$$00000004))

<P><STRONG><a name="[201]"></a>__rt_lib_shutdown_user_alloc_1</STRONG> (Thumb, 0 bytes, Stack size unknown bytes, libshutdown2.o(.ARM.Collect$$libshutdown$$0000000C))

<P><STRONG><a name="[14a]"></a>__rt_entry</STRONG> (Thumb, 0 bytes, Stack size unknown bytes, __rtentry.o(.ARM.Collect$$rtentry$$00000000))
<BR><BR>[Called By]<UL><LI><a href="#[a9]">&gt;&gt;</a>&nbsp;&nbsp;&nbsp;__main
<LI><a href="#[14b]">&gt;&gt;</a>&nbsp;&nbsp;&nbsp;__scatterload_rt2
</UL>

<P><STRONG><a name="[202]"></a>__rt_entry_presh_1</STRONG> (Thumb, 0 bytes, Stack size unknown bytes, __rtentry2.o(.ARM.Collect$$rtentry$$00000002))

<P><STRONG><a name="[203]"></a>__rt_entry_sh</STRONG> (Thumb, 0 bytes, Stack size unknown bytes, __rtentry7.o(.ARM.Collect$$rtentry$$00000007))

<P><STRONG><a name="[14e]"></a>__rt_entry_li</STRONG> (Thumb, 0 bytes, Stack size unknown bytes, __rtentry2.o(.ARM.Collect$$rtentry$$0000000A))
<BR><BR>[Calls]<UL><LI><a href="#[14f]">&gt;&gt;</a>&nbsp;&nbsp;&nbsp;__rt_lib_init
</UL>

<P><STRONG><a name="[204]"></a>__rt_entry_postsh_1</STRONG> (Thumb, 0 bytes, Stack size unknown bytes, __rtentry2.o(.ARM.Collect$$rtentry$$00000009))

<P><STRONG><a name="[150]"></a>__rt_entry_main</STRONG> (Thumb, 0 bytes, Stack size unknown bytes, __rtentry2.o(.ARM.Collect$$rtentry$$0000000D))
<BR><BR>[Stack]<UL><LI>Max Depth = 1216 + Unknown Stack Size
<LI>Call Chain = __rt_entry_main &rArr; main &rArr; ips200_init &rArr; ips200_set_region &rArr; LPSPI_MasterTransferEDMA &rArr; LPSPI_MasterTransferEDMALite &rArr; EDMA_TcdSetTransferConfig &rArr; EDMA_ConfigChannelSoftwareTCD &rArr; __aeabi_assert &rArr; DbgConsole_Printf &rArr; DbgConsole_Vprintf &rArr; memcpy
</UL>
<BR>[Calls]<UL><LI><a href="#[151]">&gt;&gt;</a>&nbsp;&nbsp;&nbsp;main
<LI><a href="#[152]">&gt;&gt;</a>&nbsp;&nbsp;&nbsp;exit
</UL>

<P><STRONG><a name="[205]"></a>__rt_entry_postli_1</STRONG> (Thumb, 0 bytes, Stack size unknown bytes, __rtentry2.o(.ARM.Collect$$rtentry$$0000000C))

<P><STRONG><a name="[161]"></a>__rt_exit</STRONG> (Thumb, 0 bytes, Stack size unknown bytes, rtexit.o(.ARM.Collect$$rtexit$$00000000))
<BR><BR>[Called By]<UL><LI><a href="#[152]">&gt;&gt;</a>&nbsp;&nbsp;&nbsp;exit
</UL>

<P><STRONG><a name="[153]"></a>__rt_exit_ls</STRONG> (Thumb, 0 bytes, Stack size unknown bytes, rtexit2.o(.ARM.Collect$$rtexit$$00000003))
<BR><BR>[Calls]<UL><LI><a href="#[154]">&gt;&gt;</a>&nbsp;&nbsp;&nbsp;__rt_lib_shutdown
</UL>

<P><STRONG><a name="[206]"></a>__rt_exit_prels_1</STRONG> (Thumb, 0 bytes, Stack size unknown bytes, rtexit2.o(.ARM.Collect$$rtexit$$00000002))

<P><STRONG><a name="[155]"></a>__rt_exit_exit</STRONG> (Thumb, 0 bytes, Stack size unknown bytes, rtexit2.o(.ARM.Collect$$rtexit$$00000004))
<BR><BR>[Calls]<UL><LI><a href="#[156]">&gt;&gt;</a>&nbsp;&nbsp;&nbsp;_sys_exit
</UL>

<P><STRONG><a name="[1]"></a>Reset_Handler</STRONG> (Thumb, 52 bytes, Stack size unknown bytes, startup_mcxn947_cm33_core0.o(.text))
<BR>[Address Reference Count : 1]<UL><LI> startup_mcxn947_cm33_core0.o(.isr_vector)
</UL>
<P><STRONG><a name="[d7]"></a>ADC0_DriverIRQHandler</STRONG> (Thumb, 4 bytes, Stack size unknown bytes, startup_mcxn947_cm33_core0.o(.text))
<BR><BR>[Calls]<UL><LI><a href="#[0]">&gt;&gt;</a>&nbsp;&nbsp;&nbsp;DefaultISR
</UL>
<BR>[Address Reference Count : 1]<UL><LI> startup_mcxn947_cm33_core0.o(.text)
</UL>
<P><STRONG><a name="[d8]"></a>ADC1_DriverIRQHandler</STRONG> (Thumb, 4 bytes, Stack size unknown bytes, startup_mcxn947_cm33_core0.o(.text))
<BR>[Address Reference Count : 1]<UL><LI> startup_mcxn947_cm33_core0.o(.text)
</UL>
<P><STRONG><a name="[12f]"></a>BSP32_DriverIRQHandler</STRONG> (Thumb, 4 bytes, Stack size unknown bytes, startup_mcxn947_cm33_core0.o(.text))
<BR>[Address Reference Count : 1]<UL><LI> startup_mcxn947_cm33_core0.o(.text)
</UL>
<P><STRONG><a name="[5]"></a>BusFault_Handler</STRONG> (Thumb, 4 bytes, Stack size unknown bytes, startup_mcxn947_cm33_core0.o(.text))
<BR>[Address Reference Count : 1]<UL><LI> startup_mcxn947_cm33_core0.o(.isr_vector)
</UL>
<P><STRONG><a name="[e8]"></a>CAN0_DriverIRQHandler</STRONG> (Thumb, 4 bytes, Stack size unknown bytes, startup_mcxn947_cm33_core0.o(.text))
<BR>[Address Reference Count : 1]<UL><LI> startup_mcxn947_cm33_core0.o(.text)
</UL>
<P><STRONG><a name="[e9]"></a>CAN1_DriverIRQHandler</STRONG> (Thumb, 4 bytes, Stack size unknown bytes, startup_mcxn947_cm33_core0.o(.text))
<BR>[Address Reference Count : 1]<UL><LI> startup_mcxn947_cm33_core0.o(.text)
</UL>
<P><STRONG><a name="[107]"></a>CDOG0_DriverIRQHandler</STRONG> (Thumb, 4 bytes, Stack size unknown bytes, startup_mcxn947_cm33_core0.o(.text))
<BR>[Address Reference Count : 1]<UL><LI> startup_mcxn947_cm33_core0.o(.text)
</UL>
<P><STRONG><a name="[108]"></a>CDOG1_DriverIRQHandler</STRONG> (Thumb, 4 bytes, Stack size unknown bytes, startup_mcxn947_cm33_core0.o(.text))
<BR>[Address Reference Count : 1]<UL><LI> startup_mcxn947_cm33_core0.o(.text)
</UL>
<P><STRONG><a name="[144]"></a>CMC0_DriverIRQHandler</STRONG> (Thumb, 4 bytes, Stack size unknown bytes, startup_mcxn947_cm33_core0.o(.text))
<BR>[Address Reference Count : 1]<UL><LI> startup_mcxn947_cm33_core0.o(.text)
</UL>
<P><STRONG><a name="[145]"></a>CTI0_DriverIRQHandler</STRONG> (Thumb, 4 bytes, Stack size unknown bytes, startup_mcxn947_cm33_core0.o(.text))
<BR>[Address Reference Count : 1]<UL><LI> startup_mcxn947_cm33_core0.o(.text)
</UL>
<P><STRONG><a name="[114]"></a>DAC0_DriverIRQHandler</STRONG> (Thumb, 4 bytes, Stack size unknown bytes, startup_mcxn947_cm33_core0.o(.text))
<BR>[Address Reference Count : 1]<UL><LI> startup_mcxn947_cm33_core0.o(.text)
</UL>
<P><STRONG><a name="[115]"></a>DAC1_DriverIRQHandler</STRONG> (Thumb, 4 bytes, Stack size unknown bytes, startup_mcxn947_cm33_core0.o(.text))
<BR>[Address Reference Count : 1]<UL><LI> startup_mcxn947_cm33_core0.o(.text)
</UL>
<P><STRONG><a name="[116]"></a>DAC2_DriverIRQHandler</STRONG> (Thumb, 4 bytes, Stack size unknown bytes, startup_mcxn947_cm33_core0.o(.text))
<BR>[Address Reference Count : 1]<UL><LI> startup_mcxn947_cm33_core0.o(.text)
</UL>
<P><STRONG><a name="[9]"></a>DebugMon_Handler</STRONG> (Thumb, 4 bytes, Stack size unknown bytes, startup_mcxn947_cm33_core0.o(.text))
<BR>[Address Reference Count : 1]<UL><LI> startup_mcxn947_cm33_core0.o(.isr_vector)
</UL>
<P><STRONG><a name="[0]"></a>DefaultISR</STRONG> (Thumb, 4 bytes, Stack size unknown bytes, startup_mcxn947_cm33_core0.o(.text))
<BR><BR>[Called By]<UL><LI><a href="#[d7]">&gt;&gt;</a>&nbsp;&nbsp;&nbsp;ADC0_DriverIRQHandler
</UL>
<BR>[Address Reference Count : 1]<UL><LI> fsl_usdhc.o(.data.s_usdhcIsr)
</UL>
<P><STRONG><a name="[f3]"></a>ELS_DriverIRQHandler</STRONG> (Thumb, 4 bytes, Stack size unknown bytes, startup_mcxn947_cm33_core0.o(.text))
<BR>[Address Reference Count : 1]<UL><LI> startup_mcxn947_cm33_core0.o(.text)
</UL>
<P><STRONG><a name="[130]"></a>ELS_ERR_DriverIRQHandler</STRONG> (Thumb, 4 bytes, Stack size unknown bytes, startup_mcxn947_cm33_core0.o(.text))
<BR>[Address Reference Count : 1]<UL><LI> startup_mcxn947_cm33_core0.o(.text)
</UL>
<P><STRONG><a name="[111]"></a>EMVSIM0_DriverIRQHandler</STRONG> (Thumb, 4 bytes, Stack size unknown bytes, startup_mcxn947_cm33_core0.o(.text))
<BR>[Address Reference Count : 1]<UL><LI> startup_mcxn947_cm33_core0.o(.text)
</UL>
<P><STRONG><a name="[112]"></a>EMVSIM1_DriverIRQHandler</STRONG> (Thumb, 4 bytes, Stack size unknown bytes, startup_mcxn947_cm33_core0.o(.text))
<BR>[Address Reference Count : 1]<UL><LI> startup_mcxn947_cm33_core0.o(.text)
</UL>
<P><STRONG><a name="[126]"></a>ENC0_COMPARE_DriverIRQHandler</STRONG> (Thumb, 4 bytes, Stack size unknown bytes, startup_mcxn947_cm33_core0.o(.text))
<BR>[Address Reference Count : 1]<UL><LI> startup_mcxn947_cm33_core0.o(.text)
</UL>
<P><STRONG><a name="[127]"></a>ENC0_HOME_DriverIRQHandler</STRONG> (Thumb, 4 bytes, Stack size unknown bytes, startup_mcxn947_cm33_core0.o(.text))
<BR>[Address Reference Count : 1]<UL><LI> startup_mcxn947_cm33_core0.o(.text)
</UL>
<P><STRONG><a name="[129]"></a>ENC0_IDX_DriverIRQHandler</STRONG> (Thumb, 4 bytes, Stack size unknown bytes, startup_mcxn947_cm33_core0.o(.text))
<BR>[Address Reference Count : 1]<UL><LI> startup_mcxn947_cm33_core0.o(.text)
</UL>
<P><STRONG><a name="[128]"></a>ENC0_WDG_SAB_DriverIRQHandler</STRONG> (Thumb, 4 bytes, Stack size unknown bytes, startup_mcxn947_cm33_core0.o(.text))
<BR>[Address Reference Count : 1]<UL><LI> startup_mcxn947_cm33_core0.o(.text)
</UL>
<P><STRONG><a name="[12a]"></a>ENC1_COMPARE_DriverIRQHandler</STRONG> (Thumb, 4 bytes, Stack size unknown bytes, startup_mcxn947_cm33_core0.o(.text))
<BR>[Address Reference Count : 1]<UL><LI> startup_mcxn947_cm33_core0.o(.text)
</UL>
<P><STRONG><a name="[12b]"></a>ENC1_HOME_DriverIRQHandler</STRONG> (Thumb, 4 bytes, Stack size unknown bytes, startup_mcxn947_cm33_core0.o(.text))
<BR>[Address Reference Count : 1]<UL><LI> startup_mcxn947_cm33_core0.o(.text)
</UL>
<P><STRONG><a name="[12d]"></a>ENC1_IDX_DriverIRQHandler</STRONG> (Thumb, 4 bytes, Stack size unknown bytes, startup_mcxn947_cm33_core0.o(.text))
<BR>[Address Reference Count : 1]<UL><LI> startup_mcxn947_cm33_core0.o(.text)
</UL>
<P><STRONG><a name="[12c]"></a>ENC1_WDG_SAB_DriverIRQHandler</STRONG> (Thumb, 4 bytes, Stack size unknown bytes, startup_mcxn947_cm33_core0.o(.text))
<BR>[Address Reference Count : 1]<UL><LI> startup_mcxn947_cm33_core0.o(.text)
</UL>
<P><STRONG><a name="[133]"></a>ERM_MULTI_BIT_ERROR_DriverIRQHandler</STRONG> (Thumb, 4 bytes, Stack size unknown bytes, startup_mcxn947_cm33_core0.o(.text))
<BR>[Address Reference Count : 1]<UL><LI> startup_mcxn947_cm33_core0.o(.text)
</UL>
<P><STRONG><a name="[132]"></a>ERM_SINGLE_BIT_ERROR_DriverIRQHandler</STRONG> (Thumb, 4 bytes, Stack size unknown bytes, startup_mcxn947_cm33_core0.o(.text))
<BR>[Address Reference Count : 1]<UL><LI> startup_mcxn947_cm33_core0.o(.text)
</UL>
<P><STRONG><a name="[13f]"></a>ETB0_DriverIRQHandler</STRONG> (Thumb, 4 bytes, Stack size unknown bytes, startup_mcxn947_cm33_core0.o(.text))
<BR>[Address Reference Count : 1]<UL><LI> startup_mcxn947_cm33_core0.o(.text)
</UL>
<P><STRONG><a name="[135]"></a>ETHERNET_DriverIRQHandler</STRONG> (Thumb, 4 bytes, Stack size unknown bytes, startup_mcxn947_cm33_core0.o(.text))
<BR>[Address Reference Count : 1]<UL><LI> startup_mcxn947_cm33_core0.o(.text)
</UL>
<P><STRONG><a name="[137]"></a>ETHERNET_MACLP_DriverIRQHandler</STRONG> (Thumb, 4 bytes, Stack size unknown bytes, startup_mcxn947_cm33_core0.o(.text))
<BR>[Address Reference Count : 1]<UL><LI> startup_mcxn947_cm33_core0.o(.text)
</UL>
<P><STRONG><a name="[136]"></a>ETHERNET_PMT_DriverIRQHandler</STRONG> (Thumb, 4 bytes, Stack size unknown bytes, startup_mcxn947_cm33_core0.o(.text))
<BR>[Address Reference Count : 1]<UL><LI> startup_mcxn947_cm33_core0.o(.text)
</UL>
<P><STRONG><a name="[10e]"></a>EWM0_DriverIRQHandler</STRONG> (Thumb, 4 bytes, Stack size unknown bytes, startup_mcxn947_cm33_core0.o(.text))
<BR>[Address Reference Count : 1]<UL><LI> startup_mcxn947_cm33_core0.o(.text)
</UL>
[...]
<BR><BR>[Stack]<UL><LI>Max Depth = 192<LI>Call Chain = scc8660_set_config_sccb &rArr; soft_iic_sccb_read_register &rArr; __aeabi_assert &rArr; DbgConsole_Printf &rArr; DbgConsole_Vprintf &rArr; memcpy
</UL>
<BR>[Calls]<UL><LI><a href="#[1c9]">&gt;&gt;</a>&nbsp;&nbsp;&nbsp;soft_iic_sccb_read_register
<LI><a href="#[1c8]">&gt;&gt;</a>&nbsp;&nbsp;&nbsp;soft_iic_sccb_write_register
<LI><a href="#[18d]">&gt;&gt;</a>&nbsp;&nbsp;&nbsp;system_delay_ms
</UL>
<BR>[Called By]<UL><LI><a href="#[1c0]">&gt;&gt;</a>&nbsp;&nbsp;&nbsp;scc8660_init
</UL>

<P><STRONG><a name="[1c2]"></a>set_color_target_condi</STRONG> (Thumb, 1112 bytes, Stack size 68 bytes, color_tracer.o(.text.set_color_target_condi))
<BR><BR>[Stack]<UL><LI>Max Depth = 80<LI>Call Chain = set_color_target_condi &rArr; memset &rArr; _memset &rArr; _memset_w
</UL>
<BR>[Calls]<UL><LI><a href="#[159]">&gt;&gt;</a>&nbsp;&nbsp;&nbsp;memset
</UL>
<BR>[Called By]<UL><LI><a href="#[151]">&gt;&gt;</a>&nbsp;&nbsp;&nbsp;main
</UL>

<P><STRONG><a name="[1c6]"></a>soft_iic_init</STRONG> (Thumb, 104 bytes, Stack size 24 bytes, zf_driver_soft_iic.o(.text.soft_iic_init))
<BR><BR>[Stack]<UL><LI>Max Depth = 192<LI>Call Chain = soft_iic_init &rArr; gpio_init &rArr; GPIO_PinInit &rArr; __aeabi_assert &rArr; DbgConsole_Printf &rArr; DbgConsole_Vprintf &rArr; memcpy
</UL>
<BR>[Calls]<UL><LI><a href="#[17a]">&gt;&gt;</a>&nbsp;&nbsp;&nbsp;__aeabi_assert
<LI><a href="#[1b6]">&gt;&gt;</a>&nbsp;&nbsp;&nbsp;gpio_init
</UL>
<BR>[Called By]<UL><LI><a href="#[1c0]">&gt;&gt;</a>&nbsp;&nbsp;&nbsp;scc8660_init
</UL>

<P><STRONG><a name="[1c9]"></a>soft_iic_sccb_read_register</STRONG> (Thumb, 102 bytes, Stack size 16 bytes, zf_driver_soft_iic.o(.text.soft_iic_sccb_read_register))
<BR><BR>[Stack]<UL><LI>Max Depth = 152<LI>Call Chain = soft_iic_sccb_read_register &rArr; __aeabi_assert &rArr; DbgConsole_Printf &rArr; DbgConsole_Vprintf &rArr; memcpy
</UL>
<BR>[Calls]<UL><LI><a href="#[1ca]">&gt;&gt;</a>&nbsp;&nbsp;&nbsp;soft_iic_read_data
<LI><a href="#[1cd]">&gt;&gt;</a>&nbsp;&nbsp;&nbsp;soft_iic_stop
<LI><a href="#[1cc]">&gt;&gt;</a>&nbsp;&nbsp;&nbsp;soft_iic_send_data
<LI><a href="#[1cb]">&gt;&gt;</a>&nbsp;&nbsp;&nbsp;soft_iic_start
<LI><a href="#[17a]">&gt;&gt;</a>&nbsp;&nbsp;&nbsp;__aeabi_assert
</UL>
<BR>[Called By]<UL><LI><a href="#[1c7]">&gt;&gt;</a>&nbsp;&nbsp;&nbsp;scc8660_set_config_sccb
</UL>

<P><STRONG><a name="[1c8]"></a>soft_iic_sccb_write_register</STRONG> (Thumb, 76 bytes, Stack size 16 bytes, zf_driver_soft_iic.o(.text.soft_iic_sccb_write_register))
<BR><BR>[Stack]<UL><LI>Max Depth = 152<LI>Call Chain = soft_iic_sccb_write_register &rArr; __aeabi_assert &rArr; DbgConsole_Printf &rArr; DbgConsole_Vprintf &rArr; memcpy
</UL>
<BR>[Calls]<UL><LI><a href="#[1cd]">&gt;&gt;</a>&nbsp;&nbsp;&nbsp;soft_iic_stop
<LI><a href="#[1cc]">&gt;&gt;</a>&nbsp;&nbsp;&nbsp;soft_iic_send_data
<LI><a href="#[1cb]">&gt;&gt;</a>&nbsp;&nbsp;&nbsp;soft_iic_start
<LI><a href="#[17a]">&gt;&gt;</a>&nbsp;&nbsp;&nbsp;__aeabi_assert
</UL>
<BR>[Called By]<UL><LI><a href="#[1c7]">&gt;&gt;</a>&nbsp;&nbsp;&nbsp;scc8660_set_config_sccb
</UL>

<P><STRONG><a name="[1ce]"></a>system_delay_init</STRONG> (Thumb, 66 bytes, Stack size 24 bytes, zf_driver_delay.o(.text.system_delay_init))
<BR><BR>[Stack]<UL><LI>Max Depth = 176<LI>Call Chain = system_delay_init &rArr; LPTMR_GetDefaultConfig &rArr; __aeabi_assert &rArr; DbgConsole_Printf &rArr; DbgConsole_Vprintf &rArr; memcpy
</UL>
<BR>[Calls]<UL><LI><a href="#[1d0]">&gt;&gt;</a>&nbsp;&nbsp;&nbsp;LPTMR_Deinit
<LI><a href="#[19d]">&gt;&gt;</a>&nbsp;&nbsp;&nbsp;LPTMR_Init
<LI><a href="#[19c]">&gt;&gt;</a>&nbsp;&nbsp;&nbsp;LPTMR_GetDefaultConfig
<LI><a href="#[1cf]">&gt;&gt;</a>&nbsp;&nbsp;&nbsp;CLOCK_SetupClk16KClocking
</UL>
<BR>[Called By]<UL><LI><a href="#[1bc]">&gt;&gt;</a>&nbsp;&nbsp;&nbsp;zf_board_init
</UL>

<P><STRONG><a name="[18d]"></a>system_delay_ms</STRONG> (Thumb, 60 bytes, Stack size 0 bytes, zf_driver_delay.o(.text.system_delay_ms))
<BR><BR>[Called By]<UL><LI><a href="#[1c7]">&gt;&gt;</a>&nbsp;&nbsp;&nbsp;scc8660_set_config_sccb
<LI><a href="#[3]">&gt;&gt;</a>&nbsp;&nbsp;&nbsp;HardFault_Handler
<LI><a href="#[1c0]">&gt;&gt;</a>&nbsp;&nbsp;&nbsp;scc8660_init
<LI><a href="#[1b9]">&gt;&gt;</a>&nbsp;&nbsp;&nbsp;ips200_init
<LI><a href="#[151]">&gt;&gt;</a>&nbsp;&nbsp;&nbsp;main
</UL>

<P><STRONG><a name="[1bd]"></a>user_uart_init</STRONG> (Thumb, 154 bytes, Stack size 56 bytes, zf_driver_uart.o(.text.user_uart_init))
<BR><BR>[Stack]<UL><LI>Max Depth = 248<LI>Call Chain = user_uart_init &rArr; LPUART_Init &rArr; LP_FLEXCOMM_Init &rArr; __aeabi_assert &rArr; DbgConsole_Printf &rArr; DbgConsole_Vprintf &rArr; memcpy
</UL>
<BR>[Calls]<UL><LI><a href="#[1ae]">&gt;&gt;</a>&nbsp;&nbsp;&nbsp;LPUART_EnableInterrupts
<LI><a href="#[19e]">&gt;&gt;</a>&nbsp;&nbsp;&nbsp;LPUART_Deinit
<LI><a href="#[1a1]">&gt;&gt;</a>&nbsp;&nbsp;&nbsp;LPUART_Init
<LI><a href="#[171]">&gt;&gt;</a>&nbsp;&nbsp;&nbsp;CLOCK_GetLPFlexCommClkFreq
<LI><a href="#[1a0]">&gt;&gt;</a>&nbsp;&nbsp;&nbsp;LPUART_GetDefaultConfig
<LI><a href="#[16e]">&gt;&gt;</a>&nbsp;&nbsp;&nbsp;CLOCK_SetClkDiv
<LI><a href="#[166]">&gt;&gt;</a>&nbsp;&nbsp;&nbsp;CLOCK_AttachClk
</UL>
<BR>[Called By]<UL><LI><a href="#[151]">&gt;&gt;</a>&nbsp;&nbsp;&nbsp;main
</UL>

<P><STRONG><a name="[1c4]"></a>user_uart_putchar</STRONG> (Thumb, 40 bytes, Stack size 16 bytes, zf_driver_uart.o(.text.user_uart_putchar))
<BR><BR>[Stack]<UL><LI>Max Depth = 152<LI>Call Chain = user_uart_putchar &rArr; LPUART_WriteBlocking &rArr; __aeabi_assert &rArr; DbgConsole_Printf &rArr; DbgConsole_Vprintf &rArr; memcpy
</UL>
<BR>[Calls]<UL><LI><a href="#[1a2]">&gt;&gt;</a>&nbsp;&nbsp;&nbsp;LPUART_WriteBlocking
</UL>
<BR>[Called By]<UL><LI><a href="#[151]">&gt;&gt;</a>&nbsp;&nbsp;&nbsp;main
</UL>

<P><STRONG><a name="[1c5]"></a>user_uart_write_buffer</STRONG> (Thumb, 22 bytes, Stack size 0 bytes, zf_driver_uart.o(.text.user_uart_write_buffer))
<BR><BR>[Stack]<UL><LI>Max Depth = 136<LI>Call Chain = user_uart_write_buffer &rArr; LPUART_WriteBlocking &rArr; __aeabi_assert &rArr; DbgConsole_Printf &rArr; DbgConsole_Vprintf &rArr; memcpy
</UL>
<BR>[Calls]<UL><LI><a href="#[1a2]">&gt;&gt;</a>&nbsp;&nbsp;&nbsp;LPUART_WriteBlocking
</UL>
<BR>[Called By]<UL><LI><a href="#[151]">&gt;&gt;</a>&nbsp;&nbsp;&nbsp;main
</UL>

<P><STRONG><a name="[1bc]"></a>zf_board_init</STRONG> (Thumb, 112 bytes, Stack size 16 bytes, zf_board_init.o(.text.zf_board_init))
<BR><BR>[Stack]<UL><LI>Max Depth = 264<LI>Call Chain = zf_board_init &rArr; debug_uart_init &rArr; LPUART_Init &rArr; LP_FLEXCOMM_Init &rArr; __aeabi_assert &rArr; DbgConsole_Printf &rArr; DbgConsole_Vprintf &rArr; memcpy
</UL>
<BR>[Calls]<UL><LI><a href="#[1ce]">&gt;&gt;</a>&nbsp;&nbsp;&nbsp;system_delay_init
<LI><a href="#[1ad]">&gt;&gt;</a>&nbsp;&nbsp;&nbsp;debug_uart_init
<LI><a href="#[16f]">&gt;&gt;</a>&nbsp;&nbsp;&nbsp;BOARD_InitBootClocks
<LI><a href="#[170]">&gt;&gt;</a>&nbsp;&nbsp;&nbsp;BOARD_PowerMode_OD
<LI><a href="#[1b6]">&gt;&gt;</a>&nbsp;&nbsp;&nbsp;gpio_init
</UL>
<BR>[Called By]<UL><LI><a href="#[151]">&gt;&gt;</a>&nbsp;&nbsp;&nbsp;main
</UL>

<P><STRONG><a name="[1be]"></a>zf_debug_printf</STRONG> (Thumb, 534 bytes, Stack size 128 bytes, zf_board_init.o(.text.zf_debug_printf))
<BR><BR>[Stack]<UL><LI>Max Depth = 264<LI>Call Chain = zf_debug_printf &rArr; LPUART_WriteBlocking &rArr; __aeabi_assert &rArr; DbgConsole_Printf &rArr; DbgConsole_Vprintf &rArr; memcpy
</UL>
<BR>[Calls]<UL><LI><a href="#[1b5]">&gt;&gt;</a>&nbsp;&nbsp;&nbsp;float_to_str
<LI><a href="#[1a2]">&gt;&gt;</a>&nbsp;&nbsp;&nbsp;LPUART_WriteBlocking
<LI><a href="#[1d1]">&gt;&gt;</a>&nbsp;&nbsp;&nbsp;__aeabi_d2f
</UL>
<BR>[Called By]<UL><LI><a href="#[1c0]">&gt;&gt;</a>&nbsp;&nbsp;&nbsp;scc8660_init
<LI><a href="#[151]">&gt;&gt;</a>&nbsp;&nbsp;&nbsp;main
</UL>

<P><STRONG><a name="[1bf]"></a>zf_user_printf</STRONG> (Thumb, 384 bytes, Stack size 112 bytes, zf_driver_uart.o(.text.zf_user_printf))
<BR><BR>[Stack]<UL><LI>Max Depth = 248<LI>Call Chain = zf_user_printf &rArr; LPUART_WriteBlocking &rArr; __aeabi_assert &rArr; DbgConsole_Printf &rArr; DbgConsole_Vprintf &rArr; memcpy
</UL>
<BR>[Calls]<UL><LI><a href="#[1b5]">&gt;&gt;</a>&nbsp;&nbsp;&nbsp;float_to_str
<LI><a href="#[1d2]">&gt;&gt;</a>&nbsp;&nbsp;&nbsp;int_to_str
<LI><a href="#[1a2]">&gt;&gt;</a>&nbsp;&nbsp;&nbsp;LPUART_WriteBlocking
<LI><a href="#[1d1]">&gt;&gt;</a>&nbsp;&nbsp;&nbsp;__aeabi_d2f
</UL>
<BR>[Called By]<UL><LI><a href="#[151]">&gt;&gt;</a>&nbsp;&nbsp;&nbsp;main
</UL>

<P><STRONG><a name="[1d1]"></a>__aeabi_d2f</STRONG> (Thumb, 0 bytes, Stack size 32 bytes, d2f_clz.o(x$fpl$d2f))
<BR><BR>[Stack]<UL><LI>Max Depth = 32<LI>Call Chain = __aeabi_d2f
</UL>
<BR>[Called By]<UL><LI><a href="#[1bf]">&gt;&gt;</a>&nbsp;&nbsp;&nbsp;zf_user_printf
<LI><a href="#[1be]">&gt;&gt;</a>&nbsp;&nbsp;&nbsp;zf_debug_printf
</UL>

<P><STRONG><a name="[1d3]"></a>_d2f</STRONG> (Thumb, 700 bytes, Stack size 32 bytes, d2f_clz.o(x$fpl$d2f), UNUSED)
<BR><BR>[Calls]<UL><LI><a href="#[1d7]">&gt;&gt;</a>&nbsp;&nbsp;&nbsp;_fp_trapveneer
<LI><a href="#[1d8]">&gt;&gt;</a>&nbsp;&nbsp;&nbsp;__funder
<LI><a href="#[1d5]">&gt;&gt;</a>&nbsp;&nbsp;&nbsp;__fpl_fretinf
<LI><a href="#[1d4]">&gt;&gt;</a>&nbsp;&nbsp;&nbsp;__fpl_exception
<LI><a href="#[1d6]">&gt;&gt;</a>&nbsp;&nbsp;&nbsp;__fpl_dnaninf
</UL>

<P><STRONG><a name="[1d6]"></a>__fpl_dnaninf</STRONG> (Thumb, 262 bytes, Stack size 16 bytes, dnaninf.o(x$fpl$dnaninf), UNUSED)
<BR><BR>[Calls]<UL><LI><a href="#[1d4]">&gt;&gt;</a>&nbsp;&nbsp;&nbsp;__fpl_exception
<LI><a href="#[1d9]">&gt;&gt;</a>&nbsp;&nbsp;&nbsp;__dunder_d
</UL>
<BR>[Called By]<UL><LI><a href="#[1d3]">&gt;&gt;</a>&nbsp;&nbsp;&nbsp;_d2f
</UL>

<P><STRONG><a name="[214]"></a>__fpl_drenorm2</STRONG> (Thumb, 106 bytes, Stack size 24 bytes, drenorm_clz.o(x$fpl$drenorm), UNUSED)

<P><STRONG><a name="[1db]"></a>__fpl_drenorm1</STRONG> (Thumb, 6 bytes, Stack size 8 bytes, drenorm_clz.o(x$fpl$drenorm), UNUSED)
<BR><BR>[Called By]<UL><LI><a href="#[1d9]">&gt;&gt;</a>&nbsp;&nbsp;&nbsp;__dunder_d
</UL>

<P><STRONG><a name="[1da]"></a>__dunder</STRONG> (Thumb, 314 bytes, Stack size 4 bytes, dunder_clz.o(x$fpl$dunder), UNUSED)
<BR><BR>[Calls]<UL><LI><a href="#[1d4]">&gt;&gt;</a>&nbsp;&nbsp;&nbsp;__fpl_exception
</UL>

<P><STRONG><a name="[1d9]"></a>__dunder_d</STRONG> (Thumb, 64 bytes, Stack size 24 bytes, dunder_clz.o(x$fpl$dunder), UNUSED)
<BR><BR>[Calls]<UL><LI><a href="#[1d7]">&gt;&gt;</a>&nbsp;&nbsp;&nbsp;_fp_trapveneer
<LI><a href="#[1db]">&gt;&gt;</a>&nbsp;&nbsp;&nbsp;__fpl_drenorm1
</UL>
<BR>[Called By]<UL><LI><a href="#[1d6]">&gt;&gt;</a>&nbsp;&nbsp;&nbsp;__fpl_dnaninf
</UL>

<P><STRONG><a name="[1d4]"></a>__fpl_exception</STRONG> (Thumb, 454 bytes, Stack size 16 bytes, except.o(x$fpl$exception), UNUSED)
<BR><BR>[Calls]<UL><LI><a href="#[1d7]">&gt;&gt;</a>&nbsp;&nbsp;&nbsp;_fp_trapveneer
<LI><a href="#[1dc]">&gt;&gt;</a>&nbsp;&nbsp;&nbsp;__fpl_return_NaN
</UL>
<BR>[Called By]<UL><LI><a href="#[1df]">&gt;&gt;</a>&nbsp;&nbsp;&nbsp;_ll_ufrom_f
<LI><a href="#[1d3]">&gt;&gt;</a>&nbsp;&nbsp;&nbsp;_d2f
<LI><a href="#[1d8]">&gt;&gt;</a>&nbsp;&nbsp;&nbsp;__funder
<LI><a href="#[1dd]">&gt;&gt;</a>&nbsp;&nbsp;&nbsp;__fpl_fnaninf
<LI><a href="#[1da]">&gt;&gt;</a>&nbsp;&nbsp;&nbsp;__dunder
<LI><a href="#[1d6]">&gt;&gt;</a>&nbsp;&nbsp;&nbsp;__fpl_dnaninf
</UL>

<P><STRONG><a name="[1dd]"></a>__fpl_fnaninf</STRONG> (Thumb, 246 bytes, Stack size 8 bytes, fnaninf.o(x$fpl$fnaninf), UNUSED)
<BR><BR>[Calls]<UL><LI><a href="#[1de]">&gt;&gt;</a>&nbsp;&nbsp;&nbsp;__funder_d
<LI><a href="#[1d4]">&gt;&gt;</a>&nbsp;&nbsp;&nbsp;__fpl_exception
</UL>
<BR>[Called By]<UL><LI><a href="#[1df]">&gt;&gt;</a>&nbsp;&nbsp;&nbsp;_ll_ufrom_f
</UL>

<P><STRONG><a name="[14d]"></a>_fp_init</STRONG> (Thumb, 22 bytes, Stack size 0 bytes, fpinit.o(x$fpl$fpinit))
<BR><BR>[Called By]<UL><LI><a href="#[14c]">&gt;&gt;</a>&nbsp;&nbsp;&nbsp;__rt_lib_init_fp_1
</UL>

<P><STRONG><a name="[215]"></a>__fplib_config_fpu_vfp</STRONG> (Thumb, 0 bytes, Stack size unknown bytes, fpinit.o(x$fpl$fpinit), UNUSED)

<P><STRONG><a name="[216]"></a>__fplib_config_pureend_doubles</STRONG> (Thumb, 0 bytes, Stack size unknown bytes, fpinit.o(x$fpl$fpinit), UNUSED)

<P><STRONG><a name="[1d5]"></a>__fpl_fretinf</STRONG> (Thumb, 10 bytes, Stack size 0 bytes, fretinf.o(x$fpl$fretinf), UNUSED)
<BR><BR>[Called By]<UL><LI><a href="#[1d3]">&gt;&gt;</a>&nbsp;&nbsp;&nbsp;_d2f
</UL>

<P><STRONG><a name="[1d8]"></a>__funder</STRONG> (Thumb, 254 bytes, Stack size 0 bytes, funder_clz.o(x$fpl$funder), UNUSED)
<BR><BR>[Calls]<UL><LI><a href="#[1d4]">&gt;&gt;</a>&nbsp;&nbsp;&nbsp;__fpl_exception
</UL>
<BR>[Called By]<UL><LI><a href="#[1d3]">&gt;&gt;</a>&nbsp;&nbsp;&nbsp;_d2f
</UL>

<P><STRONG><a name="[1de]"></a>__funder_d</STRONG> (Thumb, 62 bytes, Stack size 0 bytes, funder_clz.o(x$fpl$funder), UNUSED)
<BR><BR>[Calls]<UL><LI><a href="#[1d7]">&gt;&gt;</a>&nbsp;&nbsp;&nbsp;_fp_trapveneer
</UL>
<BR>[Called By]<UL><LI><a href="#[1dd]">&gt;&gt;</a>&nbsp;&nbsp;&nbsp;__fpl_fnaninf
</UL>

<P><STRONG><a name="[174]"></a>__aeabi_f2ulz</STRONG> (Thumb, 0 bytes, Stack size 16 bytes, ffixull.o(x$fpl$llufromf))
<BR><BR>[Stack]<UL><LI>Max Depth = 16<LI>Call Chain = __aeabi_f2ulz
</UL>
<BR>[Called By]<UL><LI><a href="#[173]">&gt;&gt;</a>&nbsp;&nbsp;&nbsp;CLOCK_GetPll1OutFreq
<LI><a href="#[172]">&gt;&gt;</a>&nbsp;&nbsp;&nbsp;CLOCK_GetPll0OutFreq
</UL>

<P><STRONG><a name="[1df]"></a>_ll_ufrom_f</STRONG> (Thumb, 124 bytes, Stack size 16 bytes, ffixull.o(x$fpl$llufromf), UNUSED)
<BR><BR>[Calls]<UL><LI><a href="#[1dd]">&gt;&gt;</a>&nbsp;&nbsp;&nbsp;__fpl_fnaninf
<LI><a href="#[1d4]">&gt;&gt;</a>&nbsp;&nbsp;&nbsp;__fpl_exception
</UL>

<P><STRONG><a name="[1dc]"></a>__fpl_return_NaN</STRONG> (Thumb, 178 bytes, Stack size 0 bytes, retnan.o(x$fpl$retnan), UNUSED)
<BR><BR>[Calls]<UL><LI><a href="#[1e0]">&gt;&gt;</a>&nbsp;&nbsp;&nbsp;__fpl_cmpreturn
</UL>
<BR>[Called By]<UL><LI><a href="#[1d4]">&gt;&gt;</a>&nbsp;&nbsp;&nbsp;__fpl_exception
</UL>

<P><STRONG><a name="[1d7]"></a>_fp_trapveneer</STRONG> (Thumb, 36 bytes, Stack size 16 bytes, trapv.o(x$fpl$trapveneer), UNUSED)
<BR><BR>[Calls]<UL><LI><a href="#[15e]">&gt;&gt;</a>&nbsp;&nbsp;&nbsp;_fp_trap
</UL>
<BR>[Called By]<UL><LI><a href="#[1d3]">&gt;&gt;</a>&nbsp;&nbsp;&nbsp;_d2f
<LI><a href="#[1de]">&gt;&gt;</a>&nbsp;&nbsp;&nbsp;__funder_d
<LI><a href="#[1d4]">&gt;&gt;</a>&nbsp;&nbsp;&nbsp;__fpl_exception
<LI><a href="#[1d9]">&gt;&gt;</a>&nbsp;&nbsp;&nbsp;__dunder_d
</UL>

<P><STRONG><a name="[1e0]"></a>__fpl_cmpreturn</STRONG> (Thumb, 90 bytes, Stack size 0 bytes, trapv.o(x$fpl$trapveneer), UNUSED)
<BR><BR>[Called By]<UL><LI><a href="#[1dc]">&gt;&gt;</a>&nbsp;&nbsp;&nbsp;__fpl_return_NaN
</UL>
<P>
<H3>
Local Symbols
</H3>
<P><STRONG><a name="[1ab]"></a>pixel_match_xy</STRONG> (Thumb, 308 bytes, Stack size 16 bytes, color_tracer.o(.text.pixel_match_xy))
<BR><BR>[Stack]<UL><LI>Max Depth = 16<LI>Call Chain = pixel_match_xy
</UL>
<BR>[Called By]<UL><LI><a href="#[1aa]">&gt;&gt;</a>&nbsp;&nbsp;&nbsp;color_trace
</UL>

<P><STRONG><a name="[1cb]"></a>soft_iic_start</STRONG> (Thumb, 106 bytes, Stack size 24 bytes, zf_driver_soft_iic.o(.text.soft_iic_start))
<BR><BR>[Stack]<UL><LI>Max Depth = 24<LI>Call Chain = soft_iic_start
</UL>
<BR>[Calls]<UL><LI><a href="#[1ba]">&gt;&gt;</a>&nbsp;&nbsp;&nbsp;gpio_set_level
</UL>
<BR>[Called By]<UL><LI><a href="#[1c9]">&gt;&gt;</a>&nbsp;&nbsp;&nbsp;soft_iic_sccb_read_register
<LI><a href="#[1c8]">&gt;&gt;</a>&nbsp;&nbsp;&nbsp;soft_iic_sccb_write_register
</UL>

<P><STRONG><a name="[1cc]"></a>soft_iic_send_data</STRONG> (Thumb, 214 bytes, Stack size 24 bytes, zf_driver_soft_iic.o(.text.soft_iic_send_data))
<BR><BR>[Stack]<UL><LI>Max Depth = 24<LI>Call Chain = soft_iic_send_data
</UL>
<BR>[Calls]<UL><LI><a href="#[1ba]">&gt;&gt;</a>&nbsp;&nbsp;&nbsp;gpio_set_level
<LI><a href="#[1c1]">&gt;&gt;</a>&nbsp;&nbsp;&nbsp;gpio_get_level
</UL>
<BR>[Called By]<UL><LI><a href="#[1c9]">&gt;&gt;</a>&nbsp;&nbsp;&nbsp;soft_iic_sccb_read_register
<LI><a href="#[1c8]">&gt;&gt;</a>&nbsp;&nbsp;&nbsp;soft_iic_sccb_write_register
</UL>

<P><STRONG><a name="[1cd]"></a>soft_iic_stop</STRONG> (Thumb, 106 bytes, Stack size 24 bytes, zf_driver_soft_iic.o(.text.soft_iic_stop))
<BR><BR>[Stack]<UL><LI>Max Depth = 24<LI>Call Chain = soft_iic_stop
</UL>
<BR>[Calls]<UL><LI><a href="#[1ba]">&gt;&gt;</a>&nbsp;&nbsp;&nbsp;gpio_set_level
</UL>
<BR>[Called By]<UL><LI><a href="#[1c9]">&gt;&gt;</a>&nbsp;&nbsp;&nbsp;soft_iic_sccb_read_register
<LI><a href="#[1c8]">&gt;&gt;</a>&nbsp;&nbsp;&nbsp;soft_iic_sccb_write_register
</UL>

<P><STRONG><a name="[1ca]"></a>soft_iic_read_data</STRONG> (Thumb, 260 bytes, Stack size 24 bytes, zf_driver_soft_iic.o(.text.soft_iic_read_data))
<BR><BR>[Stack]<UL><LI>Max Depth = 24<LI>Call Chain = soft_iic_read_data
</UL>
<BR>[Calls]<UL><LI><a href="#[1ba]">&gt;&gt;</a>&nbsp;&nbsp;&nbsp;gpio_set_level
<LI><a href="#[1c1]">&gt;&gt;</a>&nbsp;&nbsp;&nbsp;gpio_get_level
</UL>
<BR>[Called By]<UL><LI><a href="#[1c9]">&gt;&gt;</a>&nbsp;&nbsp;&nbsp;soft_iic_sccb_read_register
</UL>

<P><STRONG><a name="[1b8]"></a>ips200_set_region</STRONG> (Thumb, 488 bytes, Stack size 48 bytes, zf_device_ips200.o(.text.ips200_set_region))
<BR><BR>[Stack]<UL><LI>Max Depth = 424 + Unknown Stack Size
<LI>Call Chain = ips200_set_region &rArr; LPSPI_MasterTransferEDMA &rArr; LPSPI_MasterTransferEDMALite &rArr; EDMA_TcdSetTransferConfig &rArr; EDMA_ConfigChannelSoftwareTCD &rArr; __aeabi_assert &rArr; DbgConsole_Printf &rArr; DbgConsole_Vprintf &rArr; memcpy
</UL>
<BR>[Calls]<UL><LI><a href="#[198]">&gt;&gt;</a>&nbsp;&nbsp;&nbsp;LPSPI_MasterTransferEDMA
<LI><a href="#[1ba]">&gt;&gt;</a>&nbsp;&nbsp;&nbsp;gpio_set_level
</UL>
<BR>[Called By]<UL><LI><a href="#[1b7]">&gt;&gt;</a>&nbsp;&nbsp;&nbsp;ips200_draw_line
<LI><a href="#[1bb]">&gt;&gt;</a>&nbsp;&nbsp;&nbsp;ips200_show_scc8660
<LI><a href="#[1b9]">&gt;&gt;</a>&nbsp;&nbsp;&nbsp;ips200_init
</UL>

<P><STRONG><a name="[188]"></a>HAL_GpioInterruptHandle</STRONG> (Thumb, 142 bytes, Stack size 24 bytes, fsl_adapter_gpio.o(.text.HAL_GpioInterruptHandle))
<BR><BR>[Stack]<UL><LI>Max Depth = 24<LI>Call Chain = HAL_GpioInterruptHandle
</UL>
<BR>[Calls]<UL><LI><a href="#[18b]">&gt;&gt;</a>&nbsp;&nbsp;&nbsp;GPIO_GpioClearInterruptFlags
<LI><a href="#[18a]">&gt;&gt;</a>&nbsp;&nbsp;&nbsp;GPIO_GpioGetInterruptFlags
</UL>
<BR>[Called By]<UL><LI><a href="#[28]">&gt;&gt;</a>&nbsp;&nbsp;&nbsp;GPIO51_IRQHandler
<LI><a href="#[27]">&gt;&gt;</a>&nbsp;&nbsp;&nbsp;GPIO50_IRQHandler
<LI><a href="#[26]">&gt;&gt;</a>&nbsp;&nbsp;&nbsp;GPIO41_IRQHandler
<LI><a href="#[25]">&gt;&gt;</a>&nbsp;&nbsp;&nbsp;GPIO40_IRQHandler
<LI><a href="#[24]">&gt;&gt;</a>&nbsp;&nbsp;&nbsp;GPIO31_IRQHandler
<LI><a href="#[23]">&gt;&gt;</a>&nbsp;&nbsp;&nbsp;GPIO30_IRQHandler
<LI><a href="#[22]">&gt;&gt;</a>&nbsp;&nbsp;&nbsp;GPIO21_IRQHandler
<LI><a href="#[21]">&gt;&gt;</a>&nbsp;&nbsp;&nbsp;GPIO20_IRQHandler
<LI><a href="#[20]">&gt;&gt;</a>&nbsp;&nbsp;&nbsp;GPIO11_IRQHandler
<LI><a href="#[1f]">&gt;&gt;</a>&nbsp;&nbsp;&nbsp;GPIO10_IRQHandler
<LI><a href="#[1e]">&gt;&gt;</a>&nbsp;&nbsp;&nbsp;GPIO01_IRQHandler
<LI><a href="#[1d]">&gt;&gt;</a>&nbsp;&nbsp;&nbsp;GPIO00_IRQHandler
</UL>

<P><STRONG><a name="[146]"></a>EDMA_LpspiMasterCallback</STRONG> (Thumb, 262 bytes, Stack size 8 bytes, fsl_lpspi_edma.o(.text.EDMA_LpspiMasterCallback))
<BR><BR>[Stack]<UL><LI>Max Depth = 144<LI>Call Chain = EDMA_LpspiMasterCallback &rArr; __aeabi_assert &rArr; DbgConsole_Printf &rArr; DbgConsole_Vprintf &rArr; memcpy
</UL>
<BR>[Calls]<UL><LI><a href="#[17a]">&gt;&gt;</a>&nbsp;&nbsp;&nbsp;__aeabi_assert
</UL>
<BR>[Address Reference Count : 1]<UL><LI> fsl_lpspi_edma.o(.text.LPSPI_MasterTransferEDMALite)
</UL>
<P><STRONG><a name="[147]"></a>ezh_camera_callback</STRONG> (Thumb, 14 bytes, Stack size 0 bytes, zf_driver_ezh.o(.text.ezh_camera_callback))
<BR>[Address Reference Count : 1]<UL><LI> zf_driver_ezh.o(.text.ezh_start)
</UL><P>
<H3>
Undefined Global Symbols
</H3><HR></body></html>
